Archive member included to satisfy reference by file (symbol)

c:/program files (x86)/atollic/truestudio for stm32 9.3.0/armtools/bin/../lib/gcc/arm-atollic-eabi/6.3.1/../../../../arm-atollic-eabi/lib/armv7e-m/fpu/fpv5-d16\libc_nano.a(lib_a-errno.o)
                              Core\Src\syscalls.o (__errno)
c:/program files (x86)/atollic/truestudio for stm32 9.3.0/armtools/bin/../lib/gcc/arm-atollic-eabi/6.3.1/../../../../arm-atollic-eabi/lib/armv7e-m/fpu/fpv5-d16\libc_nano.a(lib_a-impure.o)
                              c:/program files (x86)/atollic/truestudio for stm32 9.3.0/armtools/bin/../lib/gcc/arm-atollic-eabi/6.3.1/../../../../arm-atollic-eabi/lib/armv7e-m/fpu/fpv5-d16\libc_nano.a(lib_a-errno.o) (_impure_ptr)
c:/program files (x86)/atollic/truestudio for stm32 9.3.0/armtools/bin/../lib/gcc/arm-atollic-eabi/6.3.1/../../../../arm-atollic-eabi/lib/armv7e-m/fpu/fpv5-d16\libc_nano.a(lib_a-init.o)
                              startup\startup_stm32f769xx.o (__libc_init_array)
c:/program files (x86)/atollic/truestudio for stm32 9.3.0/armtools/bin/../lib/gcc/arm-atollic-eabi/6.3.1/../../../../arm-atollic-eabi/lib/armv7e-m/fpu/fpv5-d16\libc_nano.a(lib_a-itoa.o)
                              Application\General_Utilities\string_oper.o (itoa)
c:/program files (x86)/atollic/truestudio for stm32 9.3.0/armtools/bin/../lib/gcc/arm-atollic-eabi/6.3.1/../../../../arm-atollic-eabi/lib/armv7e-m/fpu/fpv5-d16\libc_nano.a(lib_a-memcpy-stub.o)
                              FATFS\Target\sd_diskio.o (memcpy)
c:/program files (x86)/atollic/truestudio for stm32 9.3.0/armtools/bin/../lib/gcc/arm-atollic-eabi/6.3.1/../../../../arm-atollic-eabi/lib/armv7e-m/fpu/fpv5-d16\libc_nano.a(lib_a-memset.o)
                              Application\General_Utilities\debug.o (memset)
c:/program files (x86)/atollic/truestudio for stm32 9.3.0/armtools/bin/../lib/gcc/arm-atollic-eabi/6.3.1/../../../../arm-atollic-eabi/lib/armv7e-m/fpu/fpv5-d16\libc_nano.a(lib_a-strchr.o)
                              Application\Lang\lang.o (strchr)
c:/program files (x86)/atollic/truestudio for stm32 9.3.0/armtools/bin/../lib/gcc/arm-atollic-eabi/6.3.1/../../../../arm-atollic-eabi/lib/armv7e-m/fpu/fpv5-d16\libc_nano.a(lib_a-strlen.o)
                              Application\General_Utilities\string_oper.o (strlen)
c:/program files (x86)/atollic/truestudio for stm32 9.3.0/armtools/bin/../lib/gcc/arm-atollic-eabi/6.3.1/../../../../arm-atollic-eabi/lib/armv7e-m/fpu/fpv5-d16\libc_nano.a(lib_a-strncat.o)
                              Application\General_Utilities\string_oper.o (strncat)
c:/program files (x86)/atollic/truestudio for stm32 9.3.0/armtools/bin/../lib/gcc/arm-atollic-eabi/6.3.1/../../../../arm-atollic-eabi/lib/armv7e-m/fpu/fpv5-d16\libc_nano.a(lib_a-strstr.o)
                              Application\General_Utilities\debug.o (strstr)
c:/program files (x86)/atollic/truestudio for stm32 9.3.0/armtools/bin/../lib/gcc/arm-atollic-eabi/6.3.1/../../../../arm-atollic-eabi/lib/armv7e-m/fpu/fpv5-d16\libc_nano.a(lib_a-utoa.o)
                              c:/program files (x86)/atollic/truestudio for stm32 9.3.0/armtools/bin/../lib/gcc/arm-atollic-eabi/6.3.1/../../../../arm-atollic-eabi/lib/armv7e-m/fpu/fpv5-d16\libc_nano.a(lib_a-itoa.o) (__utoa)
c:/program files (x86)/atollic/truestudio for stm32 9.3.0/armtools/bin/../lib/gcc/arm-atollic-eabi/6.3.1/../../../../arm-atollic-eabi/lib/armv7e-m/fpu/fpv5-d16\libm.a(lib_a-s_tan.o)
                              Application\LCD\LCD_BasicGaphics.o (tan)
c:/program files (x86)/atollic/truestudio for stm32 9.3.0/armtools/bin/../lib/gcc/arm-atollic-eabi/6.3.1/../../../../arm-atollic-eabi/lib/armv7e-m/fpu/fpv5-d16\libm.a(lib_a-w_atan2.o)
                              Application\LCD\LCD_BasicGaphics.o (atan2)
c:/program files (x86)/atollic/truestudio for stm32 9.3.0/armtools/bin/../lib/gcc/arm-atollic-eabi/6.3.1/../../../../arm-atollic-eabi/lib/armv7e-m/fpu/fpv5-d16\libm.a(lib_a-w_pow.o)
                              Application\LCD\LCD_BasicGaphics.o (pow)
c:/program files (x86)/atollic/truestudio for stm32 9.3.0/armtools/bin/../lib/gcc/arm-atollic-eabi/6.3.1/../../../../arm-atollic-eabi/lib/armv7e-m/fpu/fpv5-d16\libm.a(lib_a-e_atan2.o)
                              c:/program files (x86)/atollic/truestudio for stm32 9.3.0/armtools/bin/../lib/gcc/arm-atollic-eabi/6.3.1/../../../../arm-atollic-eabi/lib/armv7e-m/fpu/fpv5-d16\libm.a(lib_a-w_atan2.o) (__ieee754_atan2)
c:/program files (x86)/atollic/truestudio for stm32 9.3.0/armtools/bin/../lib/gcc/arm-atollic-eabi/6.3.1/../../../../arm-atollic-eabi/lib/armv7e-m/fpu/fpv5-d16\libm.a(lib_a-e_pow.o)
                              c:/program files (x86)/atollic/truestudio for stm32 9.3.0/armtools/bin/../lib/gcc/arm-atollic-eabi/6.3.1/../../../../arm-atollic-eabi/lib/armv7e-m/fpu/fpv5-d16\libm.a(lib_a-w_pow.o) (__ieee754_pow)
[...]
Memory Configuration

Name             Origin             Length             Attributes
RAM              0x20000000         0x00080000         xrw
FLASH            0x00200000         0x00200000         xr
SDRAM            0xc0000000         0x00e89000         xrw
*default*        0x00000000         0xffffffff

Linker script and memory map

LOAD c:/program files (x86)/atollic/truestudio for stm32 9.3.0/armtools/bin/../lib/gcc/arm-atollic-eabi/6.3.1/armv7e-m/fpu/fpv5-d16/crti.o
LOAD c:/program files (x86)/atollic/truestudio for stm32 9.3.0/armtools/bin/../lib/gcc/arm-atollic-eabi/6.3.1/armv7e-m/fpu/fpv5-d16/crtbegin.o
LOAD Application\General_Utilities\debug.o
LOAD Application\General_Utilities\double_float.o
LOAD Application\General_Utilities\errors_service.o
LOAD Application\General_Utilities\mini_printf.o
LOAD Application\General_Utilities\sd_card.o
LOAD Application\General_Utilities\string_oper.o
LOAD Application\General_Utilities\timer.o
LOAD Application\LCD\LCD_BasicGaphics.o
LOAD Application\LCD\LCD_Common.o
LOAD Application\LCD\LCD_Hardware.o
LOAD Application\LCD\LCD_fonts_images.o
LOAD Application\LCD\Screens\SCREEN_ReadPanel.o
LOAD Application\Lang\lang.o
LOAD Application\cpu_utils.o
LOAD Core\Src\dma.o
LOAD Core\Src\dma2d.o
LOAD Core\Src\fmc.o
LOAD Core\Src\freertos.o
LOAD Core\Src\gpio.o
LOAD Core\Src\ltdc.o
LOAD Core\Src\main.o
LOAD Core\Src\sdmmc.o
LOAD Core\Src\stm32f7xx_hal_msp.o
LOAD Core\Src\stm32f7xx_hal_timebase_tim.o
LOAD Core\Src\stm32f7xx_it.o
LOAD Core\Src\syscalls.o
LOAD Core\Src\system_stm32f7xx.o
LOAD Core\Src\tim.o
LOAD Core\Src\usart.o
LOAD Drivers\STM32F7xx_HAL_Driver\Src\stm32f7xx_hal.o
LOAD Drivers\STM32F7xx_HAL_Driver\Src\stm32f7xx_hal_cortex.o
LOAD Drivers\STM32F7xx_HAL_Driver\Src\stm32f7xx_hal_dma.o
LOAD Drivers\STM32F7xx_HAL_Driver\Src\stm32f7xx_hal_dma2d.o
LOAD Drivers\STM32F7xx_HAL_Driver\Src\stm32f7xx_hal_dma_ex.o
LOAD Drivers\STM32F7xx_HAL_Driver\Src\stm32f7xx_hal_dsi.o
LOAD Drivers\STM32F7xx_HAL_Driver\Src\stm32f7xx_hal_exti.o
LOAD Drivers\STM32F7xx_HAL_Driver\Src\stm32f7xx_hal_flash.o
LOAD Drivers\STM32F7xx_HAL_Driver\Src\stm32f7xx_hal_flash_ex.o
LOAD Drivers\STM32F7xx_HAL_Driver\Src\stm32f7xx_hal_gpio.o
LOAD Drivers\STM32F7xx_HAL_Driver\Src\stm32f7xx_hal_i2c.o
LOAD Drivers\STM32F7xx_HAL_Driver\Src\stm32f7xx_hal_i2c_ex.o
LOAD Drivers\STM32F7xx_HAL_Driver\Src\stm32f7xx_hal_ltdc.o
LOAD Drivers\STM32F7xx_HAL_Driver\Src\stm32f7xx_hal_ltdc_ex.o
LOAD Drivers\STM32F7xx_HAL_Driver\Src\stm32f7xx_hal_pwr.o
LOAD Drivers\STM32F7xx_HAL_Driver\Src\stm32f7xx_hal_pwr_ex.o
LOAD Drivers\STM32F7xx_HAL_Driver\Src\stm32f7xx_hal_rcc.o
LOAD Drivers\STM32F7xx_HAL_Driver\Src\stm32f7xx_hal_rcc_ex.o
LOAD Drivers\STM32F7xx_HAL_Driver\Src\stm32f7xx_hal_sd.o
LOAD Drivers\STM32F7xx_HAL_Driver\Src\stm32f7xx_hal_sdram.o
LOAD Drivers\STM32F7xx_HAL_Driver\Src\stm32f7xx_hal_tim.o
LOAD Drivers\STM32F7xx_HAL_Driver\Src\stm32f7xx_hal_tim_ex.o
LOAD Drivers\STM32F7xx_HAL_Driver\Src\stm32f7xx_hal_uart.o
LOAD Drivers\STM32F7xx_HAL_Driver\Src\stm32f7xx_hal_uart_ex.o
LOAD Drivers\STM32F7xx_HAL_Driver\Src\stm32f7xx_ll_fmc.o
LOAD Drivers\STM32F7xx_HAL_Driver\Src\stm32f7xx_ll_sdmmc.o
LOAD FATFS\App\fatfs.o
LOAD FATFS\Target\bsp_driver_sd.o
LOAD FATFS\Target\sd_diskio.o
LOAD Middlewares\Third_Party\FatFs\src\diskio.o
LOAD Middlewares\Third_Party\FatFs\src\ff.o
LOAD Middlewares\Third_Party\FatFs\src\ff_gen_drv.o
LOAD Middlewares\Third_Party\FatFs\src\option\ccsbcs.o
LOAD Middlewares\Third_Party\FatFs\src\option\syscall.o
LOAD Middlewares\Third_Party\FreeRTOS\Source\CMSIS_RTOS\cmsis_os.o
LOAD Middlewares\Third_Party\FreeRTOS\Source\croutine.o
LOAD Middlewares\Third_Party\FreeRTOS\Source\event_groups.o
LOAD Middlewares\Third_Party\FreeRTOS\Source\list.o
LOAD Middlewares\Third_Party\FreeRTOS\Source\portable\GCC\ARM_CM7\r0p1\port.o
LOAD Middlewares\Third_Party\FreeRTOS\Source\portable\MemMang\heap_4.o
LOAD Middlewares\Third_Party\FreeRTOS\Source\queue.o
LOAD Middlewares\Third_Party\FreeRTOS\Source\stream_buffer.o
LOAD Middlewares\Third_Party\FreeRTOS\Source\tasks.o
LOAD Middlewares\Third_Party\FreeRTOS\Source\timers.o
LOAD startup\startup_stm32f769xx.o
                0x00001000                malloc_getpagesize_P = 0x1000
START GROUP
LOAD c:/program files (x86)/atollic/truestudio for stm32 9.3.0/armtools/bin/../lib/gcc/arm-atollic-eabi/6.3.1/../../../../arm-atollic-eabi/lib/armv7e-m/fpu/fpv5-d16\libc_nano.a
LOAD c:/program files (x86)/atollic/truestudio for stm32 9.3.0/armtools/bin/../lib/gcc/arm-atollic-eabi/6.3.1/../../../../arm-atollic-eabi/lib/armv7e-m/fpu/fpv5-d16\libm.a
END GROUP
START GROUP
LOAD c:/program files (x86)/atollic/truestudio for stm32 9.3.0/armtools/bin/../lib/gcc/arm-atollic-eabi/6.3.1/armv7e-m/fpu/fpv5-d16\libgcc.a
LOAD c:/program files (x86)/atollic/truestudio for stm32 9.3.0/armtools/bin/../lib/gcc/arm-atollic-eabi/6.3.1/../../../../arm-atollic-eabi/lib/armv7e-m/fpu/fpv5-d16\libc_nano.a
END GROUP
START GROUP
LOAD c:/program files (x86)/atollic/truestudio for stm32 9.3.0/armtools/bin/../lib/gcc/arm-atollic-eabi/6.3.1/armv7e-m/fpu/fpv5-d16\libgcc.a
LOAD c:/program files (x86)/atollic/truestudio for stm32 9.3.0/armtools/bin/../lib/gcc/arm-atollic-eabi/6.3.1/../../../../arm-atollic-eabi/lib/armv7e-m/fpu/fpv5-d16\libc_nano.a
LOAD c:/program files (x86)/atollic/truestudio for stm32 9.3.0/armtools/bin/../lib/gcc/arm-atollic-eabi/6.3.1/../../../../arm-atollic-eabi/lib/armv7e-m/fpu/fpv5-d16\libnosys.a
END GROUP
START GROUP
LOAD c:/program files (x86)/atollic/truestudio for stm32 9.3.0/armtools/bin/../lib/gcc/arm-atollic-eabi/6.3.1/armv7e-m/fpu/fpv5-d16\libgcc.a
LOAD c:/program files (x86)/atollic/truestudio for stm32 9.3.0/armtools/bin/../lib/gcc/arm-atollic-eabi/6.3.1/../../../../arm-atollic-eabi/lib/armv7e-m/fpu/fpv5-d16\libc_nano.a
LOAD c:/program files (x86)/atollic/truestudio for stm32 9.3.0/armtools/bin/../lib/gcc/arm-atollic-eabi/6.3.1/../../../../arm-atollic-eabi/lib/armv7e-m/fpu/fpv5-d16\libnosys.a
END GROUP
LOAD c:/program files (x86)/atollic/truestudio for stm32 9.3.0/armtools/bin/../lib/gcc/arm-atollic-eabi/6.3.1/armv7e-m/fpu/fpv5-d16/crtend.o
LOAD c:/program files (x86)/atollic/truestudio for stm32 9.3.0/armtools/bin/../lib/gcc/arm-atollic-eabi/6.3.1/armv7e-m/fpu/fpv5-d16/crtn.o
                0x20080000                _estack = 0x20080000
                0x00004000                _Min_Heap_Size = 0x4000
                0x00004000                _Min_Stack_Size = 0x4000

.isr_vector     0x00200000      0x1f8
                0x00200000                . = ALIGN (0x4)
 *(.isr_vector)
 .isr_vector    0x00200000      0x1f8 startup\startup_stm32f769xx.o
                0x00200000                g_pfnVectors
                0x002001f8                . = ALIGN (0x4)

.text           0x00200200    0x28010
                0x00200200                . = ALIGN (0x4)
 *(.text)
 .text          0x00200200       0x40 c:/program files (x86)/atollic/truestudio for stm32 9.3.0/armtools/bin/../lib/gcc/arm-atollic-eabi/6.3.1/armv7e-m/fpu/fpv5-d16/crtbegin.o
 .text          0x00200240       0x10 c:/program files (x86)/atollic/truestudio for stm32 9.3.0/armtools/bin/../lib/gcc/arm-atollic-eabi/6.3.1/../../../../arm-atollic-eabi/lib/armv7e-m/fpu/fpv5-d16\libc_nano.a(lib_a-strlen.o)
                0x00200240                strlen
 .text          0x00200250      0x21c c:/program files (x86)/atollic/truestudio for stm32 9.3.0/armtools/bin/../lib/gcc/arm-atollic-eabi/6.3.1/armv7e-m/fpu/fpv5-d16\libgcc.a(_arm_addsubsf3.o)
                0x00200250                __aeabi_frsub
                0x00200258                __subsf3
                0x00200258                __aeabi_fsub
                0x0020025c                __aeabi_fadd
                0x0020025c                __addsf3
                0x002003bc                __aeabi_ui2f
                0x002003bc                __floatunsisf
                0x002003c4                __aeabi_i2f
                0x002003c4                __floatsisf
                0x002003e0                __aeabi_ul2f
                0x002003e0                __floatundisf
                0x002003f0                __aeabi_l2f
                0x002003f0                __floatdisf
 .text          0x0020046c       0xa0 c:/program files (x86)/atollic/truestudio for stm32 9.3.0/armtools/bin/../lib/gcc/arm-atollic-eabi/6.3.1/armv7e-m/fpu/fpv5-d16\libgcc.a(_aeabi_ldivmod.o)
                0x0020046c                __aeabi_ldivmod
 .text          0x0020050c       0x30 c:/program files (x86)/atollic/truestudio for stm32 9.3.0/armtools/bin/../lib/gcc/arm-atollic-eabi/6.3.1/armv7e-m/fpu/fpv5-d16\libgcc.a(_aeabi_uldivmod.o)
                0x0020050c                __aeabi_uldivmod
 .text          0x0020053c       0x24 c:/program files (x86)/atollic/truestudio for stm32 9.3.0/armtools/bin/../lib/gcc/arm-atollic-eabi/6.3.1/armv7e-m/fpu/fpv5-d16\libgcc.a(_fixsfdi.o)
                0x0020053c                __fixsfdi
                0x0020053c                __aeabi_f2lz
 .text          0x00200560       0x48 c:/program files (x86)/atollic/truestudio for stm32 9.3.0/armtools/bin/../lib/gcc/arm-atollic-eabi/6.3.1/armv7e-m/fpu/fpv5-d16\libgcc.a(_fixunssfdi.o)
                0x00200560                __fixunssfdi
                0x00200560                __aeabi_f2ulz
 .text          0x002005a8      0x2dc c:/program files (x86)/atollic/truestudio for stm32 9.3.0/armtools/bin/../lib/gcc/arm-atollic-eabi/6.3.1/armv7e-m/fpu/fpv5-d16\libgcc.a(_udivmoddi4.o)
                0x002005a8                __udivmoddi4
 .text          0x00200884        0x4 c:/program files (x86)/atollic/truestudio for stm32 9.3.0/armtools/bin/../lib/gcc/arm-atollic-eabi/6.3.1/armv7e-m/fpu/fpv5-d16\libgcc.a(_dvmd_tls.o)
                0x00200884                __aeabi_idiv0
                0x00200884                __aeabi_ldiv0
 *(.text*)
 .text.DEBUG_Init
                0x00200888       0x24 Application\General_Utilities\debug.o
                0x00200888                DEBUG_Init
 .text.Dbg      0x002008ac       0x1e Application\General_Utilities\debug.o
                0x002008ac                Dbg
 .text.DbgVar   0x002008ca       0x46 Application\General_Utilities\debug.o
                0x002008ca                DbgVar
 .text.DEBUG_IsAnythingReceive
                0x00200910       0x20 Application\General_Utilities\debug.o
 .text.DEBUG_IsTxtReceive
                0x00200930       0x40 Application\General_Utilities\debug.o
 .text.DEBUG_RxFullBuffService
                0x00200970       0x30 Application\General_Utilities\debug.o
                0x00200970                DEBUG_RxFullBuffService
 .text.DEBUG_RcvStr
                0x002009a0       0x30 Application\General_Utilities\debug.o
                0x002009a0                DEBUG_RcvStr
 .text.float2stri
                0x002009d0      0x324 Application\General_Utilities\double_float.o
                0x002009d0                float2stri
 .text.CODESTR_SdCard
                0x00200cf4      0x2a4 Application\General_Utilities\errors_service.o
 .text.ERROR_SDcardMount
                0x00200f98       0x28 Application\General_Utilities\errors_service.o
                0x00200f98                ERROR_SDcardMount
 .text.ERROR_SDcardOpen
                0x00200fc0       0x28 Application\General_Utilities\errors_service.o
                0x00200fc0                ERROR_SDcardOpen
 .text.ERROR_SDcardWrite
                0x00200fe8       0x28 Application\General_Utilities\errors_service.o
                0x00200fe8                ERROR_SDcardWrite
 .text.ERROR_SDcardClose
                0x00201010       0x28 Application\General_Utilities\errors_service.o
                0x00201010                ERROR_SDcardClose
 .text.ERROR_SDcardInfo
                0x00201038       0x28 Application\General_Utilities\errors_service.o
                0x00201038                ERROR_SDcardInfo
 .text.ERROR_NMIHandler
                0x00201060       0x14 Application\General_Utilities\errors_service.o
                0x00201060                ERROR_NMIHandler
 .text.ERROR_HardFaulHandler
                0x00201074       0x14 Application\General_Utilities\errors_service.o
                0x00201074                ERROR_HardFaulHandler
 .text.ERROR_MemManageHandler
                0x00201088       0x14 Application\General_Utilities\errors_service.o
                0x00201088                ERROR_MemManageHandler
 .text.ERROR_BusFaultHandler
                0x0020109c       0x14 Application\General_Utilities\errors_service.o
                0x0020109c                ERROR_BusFaultHandler
 .text.ERROR_UsageFaultHandler
                0x002010b0       0x14 Application\General_Utilities\errors_service.o
                0x002010b0                ERROR_UsageFaultHandler
 .text.ERROR_DebugMonHandler
                0x002010c4       0x14 Application\General_Utilities\errors_service.o
                0x002010c4                ERROR_DebugMonHandler
 .text.ERROR_Sdram
                0x002010d8       0x14 Application\General_Utilities\errors_service.o
                0x002010d8                ERROR_Sdram
 .text.ERROR_StrChangeColor
                0x002010ec       0x14 Application\General_Utilities\errors_service.o
                0x002010ec                ERROR_StrChangeColor
 .text.mini_strlen
                0x00201100       0x2e Application\General_Utilities\mini_printf.o
                0x00201100                mini_strlen
 .text.mini_itoa
                0x0020112e      0x11c Application\General_Utilities\mini_printf.o
 .text._putc.5287
                0x0020124a       0x44 Application\General_Utilities\mini_printf.o
 .text.mini_vsnprintf
                0x0020128e      0x1d0 Application\General_Utilities\mini_printf.o
                0x0020128e                mini_vsnprintf
 .text._puts.5291
                0x0020145e       0x70 Application\General_Utilities\mini_printf.o
 *fill*         0x002014ce        0x2 
 .text.SDCard_Init
                0x002014d0       0x34 Application\General_Utilities\sd_card.o
                0x002014d0                SDCard_Init
 .text.SDCardFileOpen
                0x00201504       0x48 Application\General_Utilities\sd_card.o
                0x00201504                SDCardFileOpen
 .text.SDCardFileRead
                0x0020154c       0x54 Application\General_Utilities\sd_card.o
                0x0020154c                SDCardFileRead
 .text.SDCardFileWrite
                0x002015a0       0x54 Application\General_Utilities\sd_card.o
                0x002015a0                SDCardFileWrite
 .text.SDCardFileClose
                0x002015f4       0x40 Application\General_Utilities\sd_card.o
                0x002015f4                SDCardFileClose
 .text.SDCardFileInfo
                0x00201634       0x50 Application\General_Utilities\sd_card.o
                0x00201634                SDCardFileInfo
 .text._IsSign.10745
                0x00201684       0x40 Application\General_Utilities\string_oper.o
 .text.Int2Str  0x002016c4      0x1a8 Application\General_Utilities\string_oper.o
                0x002016c4                Int2Str
 .text._IsSign.10767
                0x0020186c       0x50 Application\General_Utilities\string_oper.o
 .text.Float2Str
                0x002018bc      0x1f0 Application\General_Utilities\string_oper.o
                0x002018bc                Float2Str
 .text.StrAll   0x00201aac       0x84 Application\General_Utilities\string_oper.o
                0x00201aac                StrAll
 .text.SwapUint16
                0x00201b30       0x2e Application\General_Utilities\string_oper.o
                0x00201b30                SwapUint16
 *fill*         0x00201b5e        0x2 
 .text.StartMeasureTime
                0x00201b60       0x28 Application\General_Utilities\timer.o
                0x00201b60                StartMeasureTime
 .text.StopMeasureTime
                0x00201b88       0x5c Application\General_Utilities\timer.o
                0x00201b88                StopMeasureTime
 .text._Middle_RoundRectangleFrame
                0x00201be4       0x9c Application\LCD\LCD_BasicGaphics.o
 .text._Fill.11212
                0x00201c80       0x38 Application\LCD\LCD_BasicGaphics.o
 .text.LCD_DrawRoundRectangleFrame
                0x00201cb8      0x490 Application\LCD\LCD_BasicGaphics.o
 .text._Out_AA_left.11215
                0x00202148      0x110 Application\LCD\LCD_BasicGaphics.o
 .text._Out_AA_right.11230
                0x00202258      0x110 Application\LCD\LCD_BasicGaphics.o
 .text.PixelCorrect
                0x00202368       0x6c Application\LCD\LCD_BasicGaphics.o
 .text.InverseAndCopyBuff
                0x002023d4       0x54 Application\LCD\LCD_BasicGaphics.o
 .text.LCD_CircleCorrect
                0x00202428        0xe Application\LCD\LCD_BasicGaphics.o
 *fill*         0x00202436        0x2 
 .text.GetDegFromPosK
                0x00202438       0xc0 Application\LCD\LCD_BasicGaphics.o
 .text.LCD_SearchLinePoints
                0x002024f8      0x498 Application\LCD\LCD_BasicGaphics.o
 .text.LCD_SearchRadiusPoints
                0x00202990      0x3a4 Application\LCD\LCD_BasicGaphics.o
 .text.LCD_SearchRadiusPoints___
                0x00202d34      0x3a8 Application\LCD\LCD_BasicGaphics.o
 .text._DrawArrayBuffRightDown_AA___
                0x002030dc      0x378 Application\LCD\LCD_BasicGaphics.o
 .text._DrawArrayBuffLeftDown_AA___
                0x00203454      0x2c8 Application\LCD\LCD_BasicGaphics.o
 .text._Fill.11620
                0x0020371c      0x200 Application\LCD\LCD_BasicGaphics.o
 .text.LCD_DrawCircle
                0x0020391c     0x1114 Application\LCD\LCD_BasicGaphics.o
 .text._Change_AA.11639
                0x00204a30      0x1d4 Application\LCD\LCD_BasicGaphics.o
 .text.CorrectLineAA_off
                0x00204c04       0x18 Application\LCD\LCD_BasicGaphics.o
                0x00204c04                CorrectLineAA_off
 .text.Set_AACoeff_RoundFrameRectangle
                0x00204c1c       0x2c Application\LCD\LCD_BasicGaphics.o
                0x00204c1c                Set_AACoeff_RoundFrameRectangle
 .text._FillBuff
                0x00204c48       0xf4 Application\LCD\LCD_BasicGaphics.o
                0x00204c48                _FillBuff
 .text._CopyDrawPos
                0x00204d3c       0x20 Application\LCD\LCD_BasicGaphics.o
                0x00204d3c                _CopyDrawPos
 .text._SetCopyDrawPos
                0x00204d5c       0x20 Application\LCD\LCD_BasicGaphics.o
                0x00204d5c                _SetCopyDrawPos
 .text._IncDrawPos
                0x00204d7c       0x24 Application\LCD\LCD_BasicGaphics.o
                0x00204d7c                _IncDrawPos
 .text._StartDrawLine
                0x00204da0       0x34 Application\LCD\LCD_BasicGaphics.o
                0x00204da0                _StartDrawLine
 .text._GetPosXY
                0x00204dd4       0x50 Application\LCD\LCD_BasicGaphics.o
                0x00204dd4                _GetPosXY
 .text._GetPosXY___
                0x00204e24       0x4c Application\LCD\LCD_BasicGaphics.o
                0x00204e24                _GetPosXY___
 .text._NextDrawLine
                0x00204e70       0x2c Application\LCD\LCD_BasicGaphics.o
                0x00204e70                _NextDrawLine
 .text._DrawRight
                0x00204e9c       0x50 Application\LCD\LCD_BasicGaphics.o
                0x00204e9c                _DrawRight
 .text.Set_AACoeff_Draw
                0x00204eec       0x94 Application\LCD\LCD_BasicGaphics.o
                0x00204eec                Set_AACoeff_Draw
 .text.XXX.12102
                0x00204f80       0x4c Application\LCD\LCD_BasicGaphics.o
 .text._DrawArrayBuffRightDown_AA
                0x00204fcc      0x210 Application\LCD\LCD_BasicGaphics.o
                0x00204fcc                _DrawArrayBuffRightDown_AA
 .text._DrawArrayBuffRightUp_AA
                0x002051dc      0x1ec Application\LCD\LCD_BasicGaphics.o
                0x002051dc                _DrawArrayBuffRightUp_AA
 .text._DrawArrayBuffLeftDown_AA
                0x002053c8      0x1ec Application\LCD\LCD_BasicGaphics.o
                0x002053c8                _DrawArrayBuffLeftDown_AA
 .text._DrawArrayBuffLeftUp_AA
                0x002055b4      0x1ec Application\LCD\LCD_BasicGaphics.o
                0x002055b4                _DrawArrayBuffLeftUp_AA
 .text.LCD_Display
                0x002057a0       0x30 Application\LCD\LCD_BasicGaphics.o
                0x002057a0                LCD_Display
 .text.LCD_Show
                0x002057d0       0x28 Application\LCD\LCD_BasicGaphics.o
                0x002057d0                LCD_Show
 .text.LCD_Shape
                0x002057f8       0x4a Application\LCD\LCD_BasicGaphics.o
                0x002057f8                LCD_Shape
 .text.LCD_ShapeWindow
                0x00205842       0x3a Application\LCD\LCD_BasicGaphics.o
                0x00205842                LCD_ShapeWindow
 .text.LCD_ShapeIndirect
                0x0020587c       0x4a Application\LCD\LCD_BasicGaphics.o
                0x0020587c                LCD_ShapeIndirect
 *fill*         0x002058c6        0x2 
 .text.LCD_Clear
                0x002058c8       0x50 Application\LCD\LCD_BasicGaphics.o
                0x002058c8                LCD_Clear
 .text.SetColorBoldFrame
                0x00205918       0x24 Application\LCD\LCD_BasicGaphics.o
                0x00205918                SetColorBoldFrame
 .text.LCD_Rectangle
                0x0020593c       0x7e Application\LCD\LCD_BasicGaphics.o
                0x0020593c                LCD_Rectangle
 *fill*         0x002059ba        0x2 
 .text.LCD_Frame
                0x002059bc       0x84 Application\LCD\LCD_BasicGaphics.o
                0x002059bc                LCD_Frame
 .text.LCD_BoldRectangle
                0x00205a40      0x11a Application\LCD\LCD_BasicGaphics.o
                0x00205a40                LCD_BoldRectangle
 *fill*         0x00205b5a        0x2 
 .text.LCD_BoldFrame
                0x00205b5c      0x124 Application\LCD\LCD_BasicGaphics.o
                0x00205b5c                LCD_BoldFrame
 .text.LCD_RoundFrame
                0x00205c80       0x3e Application\LCD\LCD_BasicGaphics.o
                0x00205c80                LCD_RoundFrame
 .text.LCD_RoundRectangle
                0x00205cbe       0x3e Application\LCD\LCD_BasicGaphics.o
                0x00205cbe                LCD_RoundRectangle
 .text.LCD_BoldRoundRectangle
                0x00205cfc       0xaa Application\LCD\LCD_BasicGaphics.o
                0x00205cfc                LCD_BoldRoundRectangle
 .text.LCD_BoldRoundFrame
                0x00205da6      0x106 Application\LCD\LCD_BasicGaphics.o
                0x00205da6                LCD_BoldRoundFrame
 .text._FFFFFFFFFF.12856
                0x00205eac      0x124 Application\LCD\LCD_BasicGaphics.o
 .text.DrawLine
                0x00205fd0      0xb68 Application\LCD\LCD_BasicGaphics.o
                0x00205fd0                DrawLine
 .text._GetNmbPxls.12910
                0x00206b38       0x7a Application\LCD\LCD_BasicGaphics.o
 *fill*         0x00206bb2        0x2 
 .text.Pxl_V.12930
                0x00206bb4      0x14c Application\LCD\LCD_BasicGaphics.o
 .text.Pxl_H.12942
                0x00206d00      0x128 Application\LCD\LCD_BasicGaphics.o
 .text._GetNmbPxlsAndLoadToBuff.12949
                0x00206e28       0xb0 Application\LCD\LCD_BasicGaphics.o
 .text.LCD_SetCircleDegreesBuff
                0x00206ed8      0x24c Application\LCD\LCD_BasicGaphics.o
                0x00206ed8                LCD_SetCircleDegreesBuff
 .text.LCD_SetCircleDegColorsBuff
                0x00207124       0x50 Application\LCD\LCD_BasicGaphics.o
                0x00207124                LCD_SetCircleDegColorsBuff
 .text.LCD_SetCirclePercentParam
                0x00207174       0x24 Application\LCD\LCD_BasicGaphics.o
                0x00207174                LCD_SetCirclePercentParam
 .text.LCD_SetCircleAA
                0x00207198       0x30 Application\LCD\LCD_BasicGaphics.o
                0x00207198                LCD_SetCircleAA
 .text.LCD_CopyCircleWidth
                0x002071c8       0x20 Application\LCD\LCD_BasicGaphics.o
                0x002071c8                LCD_CopyCircleWidth
 .text.LCD_SetCopyCircleWidth
                0x002071e8       0x20 Application\LCD\LCD_BasicGaphics.o
                0x002071e8                LCD_SetCopyCircleWidth
 .text.LCD_CalculateCircleWidth
                0x00207208      0x250 Application\LCD\LCD_BasicGaphics.o
                0x00207208                LCD_CalculateCircleWidth
 .text.LCD_Circle
                0x00207458      0x118 Application\LCD\LCD_BasicGaphics.o
                0x00207458                LCD_Circle
 .text.LCD_AllRefreshScreenClear
                0x00207570       0x34 Application\LCD\LCD_Common.o
                0x00207570                LCD_AllRefreshScreenClear
 .text.LCD_RefreshScreenClear
                0x002075a4       0x24 Application\LCD\LCD_Common.o
                0x002075a4                LCD_RefreshScreenClear
 .text.LCD_IsRefreshScreenTimeout
                0x002075c8       0x38 Application\LCD\LCD_Common.o
                0x002075c8                LCD_IsRefreshScreenTimeout
 .text.GetTransitionColor
                0x00207600      0x14c Application\LCD\LCD_Common.o
                0x00207600                GetTransitionColor
 .text.GetTransitionCoeff
                0x0020774c      0x206 Application\LCD\LCD_Common.o
                0x0020774c                GetTransitionCoeff
 *fill*         0x00207952        0x2 
 .text.SCB_InvalidateDCache_by_Addr
                0x00207954       0x54 Application\LCD\LCD_Hardware.o
 .text.LCD_GetXSize
                0x002079a8       0x28 Application\LCD\LCD_Hardware.o
                0x002079a8                LCD_GetXSize
 .text.LCD_GetYSize
                0x002079d0       0x28 Application\LCD\LCD_Hardware.o
                0x002079d0                LCD_GetYSize
 .text.LCD_GetBytesPerPixel
                0x002079f8       0x28 Application\LCD\LCD_Hardware.o
 .text.LCD_GetPositionAddress
                0x00207a20       0x48 Application\LCD\LCD_Hardware.o
 .text.LCD_SetOutputOffset
                0x00207a68       0x2c Application\LCD\LCD_Hardware.o
 .text.LCD_DisplayBuff
                0x00207a94       0x68 Application\LCD\LCD_Hardware.o
                0x00207a94                LCD_DisplayBuff
 .text.MyRealizeSpaceCorrect
                0x00207afc       0x18 Application\LCD\LCD_fonts_images.o
 .text.RealizeWidthConst
                0x00207b14       0x34 Application\LCD\LCD_fonts_images.o
 .text.LCD_CopyBuff2pLcd
                0x00207b48      0x1a4 Application\LCD\LCD_fonts_images.o
 .text.LCD_CopyBuff2pLcdIndirect
                0x00207cec      0x178 Application\LCD\LCD_fonts_images.o
 .text._StartLine
                0x00207e64       0x34 Application\LCD\LCD_fonts_images.o
 .text._NextLine
                0x00207e98       0x2c Application\LCD\LCD_fonts_images.o
 .text._FillBuff
                0x00207ec4       0xf8 Application\LCD\LCD_fonts_images.o
 .text.LCD_RectangleBuff
                0x00207fbc       0xa4 Application\LCD\LCD_fonts_images.o
 .text.RealizeSpaceCorrect
                0x00208060       0xd8 Application\LCD\LCD_fonts_images.o
 .text.CorrectFloatRange
                0x00208138       0x54 Application\LCD\LCD_fonts_images.o
 *fill*         0x0020818c        0x4 
 .text._Color2YCrCb.12380
                0x00208190      0x190 Application\LCD\LCD_fonts_images.o
 .text.CalculateFontCoeff
                0x00208320      0x1a0 Application\LCD\LCD_fonts_images.o
 .text.GetCalculatedRGB
                0x002084c0      0x324 Application\LCD\LCD_fonts_images.o
 .text.LoadFontIndex
                0x002087e4       0xa0 Application\LCD\LCD_fonts_images.o
 .text.SearchFontIndex
                0x00208884       0x9c Application\LCD\LCD_fonts_images.o
 .text.ReturnFontSize
                0x00208920       0x30 Application\LCD\LCD_fonts_images.o
 .text.SetFontHeightHalf
                0x00208950       0x30 Application\LCD\LCD_fonts_images.o
 .text.LCD_GetFontID
                0x00208980       0x80 Application\LCD\LCD_fonts_images.o
 .text.DynamicFontMemoryAllocation
                0x00208a00       0x74 Application\LCD\LCD_fonts_images.o
 .text.SearchFontsField
                0x00208a74       0xaa Application\LCD\LCD_fonts_images.o
 .text.CountCharLenght
                0x00208b1e       0xb4 Application\LCD\LCD_fonts_images.o
 .text.CountHalfHeightForDot
                0x00208bd2       0x9a Application\LCD\LCD_fonts_images.o
 .text.SearchCurrentFont_TablePos
                0x00208c6c      0x284 Application\LCD\LCD_fonts_images.o
 .text.LCD_Set_ConstWidthFonts
                0x00208ef0      0x1fc Application\LCD\LCD_fonts_images.o
 .text.LCD_Reset_ConstWidthFonts
                0x002090ec       0xe8 Application\LCD\LCD_fonts_images.o
 *fill*         0x002091d4        0x4 
 .text.LCD_DrawStrToBuff
                0x002091d8      0x5d0 Application\LCD\LCD_fonts_images.o
 .text.LCD_DrawStrIndirectToBuffAndDisplay
                0x002097a8      0x5ec Application\LCD\LCD_fonts_images.o
 .text.LCD_DrawStrChangeColorToBuff
                0x00209d94      0x438 Application\LCD\LCD_fonts_images.o
 .text.LCD_DrawStrChangeColorIndirectToBuffAndDisplay
                0x0020a1cc      0x450 Application\LCD\LCD_fonts_images.o
 .text.LCD_DrawStr
                0x0020a61c       0x64 Application\LCD\LCD_fonts_images.o
 .text.LCD_DrawStrIndirect
                0x0020a680       0x68 Application\LCD\LCD_fonts_images.o
 .text.LCD_DrawStrChangeColor
                0x0020a6e8       0x8c Application\LCD\LCD_fonts_images.o
 .text.LCD_DrawStrChangeColorIndirect
                0x0020a774       0x90 Application\LCD\LCD_fonts_images.o
 .text.LCD_StartInsertingSpacesBetweenFonts
                0x0020a804       0x8c Application\LCD\LCD_fonts_images.o
 .text.LCD_GetPtr2SpacesBetweenFontsStruct
                0x0020a890       0x14 Application\LCD\LCD_fonts_images.o
 .text.LCD_GetSpacesBetweenFontsStructSize
                0x0020a8a4       0x12 Application\LCD\LCD_fonts_images.o
 *fill*         0x0020a8b6        0x2 
 .text.LCD_GetStructSpaceCount
                0x0020a8b8       0x14 Application\LCD\LCD_fonts_images.o
 .text.ReadSpacesBetweenFontsFromSDcard
                0x0020a8cc       0x50 Application\LCD\LCD_fonts_images.o
 .text.LCD_SetStrVar_bkColor
                0x0020a91c       0x30 Application\LCD\LCD_fonts_images.o
                0x0020a91c                LCD_SetStrVar_bkColor
 .text.LCD_SetStrVar_fontColor
                0x0020a94c       0x30 Application\LCD\LCD_fonts_images.o
                0x0020a94c                LCD_SetStrVar_fontColor
 .text.LCD_SetStrVar_x
                0x0020a97c       0x34 Application\LCD\LCD_fonts_images.o
                0x0020a97c                LCD_SetStrVar_x
 .text.LCD_SetStrVar_y
                0x0020a9b0       0x34 Application\LCD\LCD_fonts_images.o
                0x0020a9b0                LCD_SetStrVar_y
 .text.LCD_OffsStrVar_x
                0x0020a9e4       0x48 Application\LCD\LCD_fonts_images.o
                0x0020a9e4                LCD_OffsStrVar_x
 .text.LCD_OffsStrVar_y
                0x0020aa2c       0x48 Application\LCD\LCD_fonts_images.o
                0x0020aa2c                LCD_OffsStrVar_y
 .text.LCD_SetStrVar_coeff
                0x0020aa74       0x30 Application\LCD\LCD_fonts_images.o
                0x0020aa74                LCD_SetStrVar_coeff
 .text.LCD_SetStrVar_fontID
                0x0020aaa4       0x30 Application\LCD\LCD_fonts_images.o
                0x0020aaa4                LCD_SetStrVar_fontID
 .text.LCD_GetStrVar_x
                0x0020aad4       0x2c Application\LCD\LCD_fonts_images.o
                0x0020aad4                LCD_GetStrVar_x
 .text.LCD_GetStrVar_y
                0x0020ab00       0x2c Application\LCD\LCD_fonts_images.o
                0x0020ab00                LCD_GetStrVar_y
 .text.LCD_DeleteAllFontAndImages
                0x0020ab2c      0x174 Application\LCD\LCD_fonts_images.o
                0x0020ab2c                LCD_DeleteAllFontAndImages
 .text.LCD_DeleteFont
                0x0020aca0      0x170 Application\LCD\LCD_fonts_images.o
                0x0020aca0                LCD_DeleteFont
 .text.LCD_FontSize2Str
                0x0020ae10      0x5b0 Application\LCD\LCD_fonts_images.o
                0x0020ae10                LCD_FontSize2Str
 .text.LCD_FontStyle2Str
                0x0020b3c0       0x78 Application\LCD\LCD_fonts_images.o
                0x0020b3c0                LCD_FontStyle2Str
 .text.DisplayFontsStructState
                0x0020b438       0xe4 Application\LCD\LCD_fonts_images.o
                0x0020b438                DisplayFontsStructState
 .text.LCD_LoadFont
                0x0020b51c      0xe88 Application\LCD\LCD_fonts_images.o
                0x0020b51c                LCD_LoadFont
 .text.LCD_LoadFont_WhiteBlack
                0x0020c3a4       0x2a Application\LCD\LCD_fonts_images.o
                0x0020c3a4                LCD_LoadFont_WhiteBlack
 *fill*         0x0020c3ce        0x2 
 .text.LCD_LoadFont_DarkgrayGreen
                0x0020c3d0       0x2c Application\LCD\LCD_fonts_images.o
                0x0020c3d0                LCD_LoadFont_DarkgrayGreen
 .text.LCD_LoadFont_DarkgrayWhite
                0x0020c3fc       0x2c Application\LCD\LCD_fonts_images.o
                0x0020c3fc                LCD_LoadFont_DarkgrayWhite
 .text.LCD_Str  0x0020c428       0x5c Application\LCD\LCD_fonts_images.o
                0x0020c428                LCD_Str
 .text.LCD_StrIndirect
                0x0020c484       0x5c Application\LCD\LCD_fonts_images.o
                0x0020c484                LCD_StrIndirect
 .text.LCD_StrChangeColor
                0x0020c4e0       0x60 Application\LCD\LCD_fonts_images.o
                0x0020c4e0                LCD_StrChangeColor
 .text.LCD_StrChangeColorIndirect
                0x0020c540       0x64 Application\LCD\LCD_fonts_images.o
                0x0020c540                LCD_StrChangeColorIndirect
 .text.LCD_StrVar
                0x0020c5a4      0x1d0 Application\LCD\LCD_fonts_images.o
                0x0020c5a4                LCD_StrVar
 .text.LCD_StrDescrVar
                0x0020c774       0x88 Application\LCD\LCD_fonts_images.o
                0x0020c774                LCD_StrDescrVar
 .text.LCD_DimensionBkCorrect
                0x0020c7fc      0x50c Application\LCD\LCD_fonts_images.o
 .text.LCD_StrVarIndirect
                0x0020cd08      0x11c Application\LCD\LCD_fonts_images.o
                0x0020cd08                LCD_StrVarIndirect
 .text.LCD_StrChangeColorVar
                0x0020ce24      0x1ec Application\LCD\LCD_fonts_images.o
                0x0020ce24                LCD_StrChangeColorVar
 .text.LCD_StrChangeColorVarIndirect
                0x0020d010      0x134 Application\LCD\LCD_fonts_images.o
                0x0020d010                LCD_StrChangeColorVarIndirect
 .text.LCD_ResetStrMovBuffPos
                0x0020d144       0x18 Application\LCD\LCD_fonts_images.o
                0x0020d144                LCD_ResetStrMovBuffPos
 .text.LCD_DisplayStrMovBuffState
                0x0020d15c       0x28 Application\LCD\LCD_fonts_images.o
                0x0020d15c                LCD_DisplayStrMovBuffState
 .text.LCD_StrRot
                0x0020d184      0x12c Application\LCD\LCD_fonts_images.o
                0x0020d184                LCD_StrRot
 .text.LCD_StrChangeColorRot
                0x0020d2b0      0x134 Application\LCD\LCD_fonts_images.o
                0x0020d2b0                LCD_StrChangeColorRot
 .text.LCD_StrRotVar
                0x0020d3e4      0x288 Application\LCD\LCD_fonts_images.o
                0x0020d3e4                LCD_StrRotVar
 .text.LCD_StrChangeColorRotVar
                0x0020d66c      0x2a4 Application\LCD\LCD_fonts_images.o
                0x0020d66c                LCD_StrChangeColorRotVar
 .text.LCD_StrRotVarIndirect
                0x0020d910      0x2bc Application\LCD\LCD_fonts_images.o
                0x0020d910                LCD_StrRotVarIndirect
 .text.LCD_StrChangeColorRotVarIndirect
                0x0020dbcc      0x2d4 Application\LCD\LCD_fonts_images.o
                0x0020dbcc                LCD_StrChangeColorRotVarIndirect
 .text.LCD_StrRotWin
                0x0020dea0      0x2b8 Application\LCD\LCD_fonts_images.o
                0x0020dea0                LCD_StrRotWin
 .text.LCD_StrChangeColorRotWin
                0x0020e158      0x32c Application\LCD\LCD_fonts_images.o
                0x0020e158                LCD_StrChangeColorRotWin
 .text.LCD_StrMovH
                0x0020e484      0x4d0 Application\LCD\LCD_fonts_images.o
                0x0020e484                LCD_StrMovH
 .text.LCD_StrChangeColorMovH
                0x0020e954      0x4d4 Application\LCD\LCD_fonts_images.o
                0x0020e954                LCD_StrChangeColorMovH
 .text.LCD_StrMovHIndirect
                0x0020ee28     0x129c Application\LCD\LCD_fonts_images.o
                0x0020ee28                LCD_StrMovHIndirect
 .text.LCD_StrMovV
                0x002100c4      0x674 Application\LCD\LCD_fonts_images.o
                0x002100c4                LCD_StrMovV
 .text.LCD_StrChangeColorMovV
                0x00210738      0x6f8 Application\LCD\LCD_fonts_images.o
                0x00210738                LCD_StrChangeColorMovV
 .text.LCD_StrMovVIndirect
                0x00210e30     0x129c Application\LCD\LCD_fonts_images.o
                0x00210e30                LCD_StrMovVIndirect
 .text.LCD_GetWholeStrPxlWidth
                0x002120cc       0xe0 Application\LCD\LCD_fonts_images.o
                0x002120cc                LCD_GetWholeStrPxlWidth
 .text.LCD_GetStrPxlWidth
                0x002121ac       0xd4 Application\LCD\LCD_fonts_images.o
                0x002121ac                LCD_GetStrPxlWidth
 .text.LCD_GetStrLenForPxlWidth
                0x00212280       0xf8 Application\LCD\LCD_fonts_images.o
                0x00212280                LCD_GetStrLenForPxlWidth
 .text.LCD_GetFontWidth
                0x00212378       0x7c Application\LCD\LCD_fonts_images.o
                0x00212378                LCD_GetFontWidth
 .text.LCD_GetFontHeight
                0x002123f4       0x78 Application\LCD\LCD_fonts_images.o
                0x002123f4                LCD_GetFontHeight
 .text.LCD_GetFontHalfHeight
                0x0021246c       0x78 Application\LCD\LCD_fonts_images.o
                0x0021246c                LCD_GetFontHalfHeight
 .text.CopyCharsTab
                0x002124e4       0x8c Application\LCD\LCD_fonts_images.o
                0x002124e4                CopyCharsTab
 .text.LCD_SelectedSpaceBetweenFontsIncrDecr
                0x00212570      0x264 Application\LCD\LCD_fonts_images.o
                0x00212570                LCD_SelectedSpaceBetweenFontsIncrDecr
 .text.LCD_DisplayRemeberedSpacesBetweenFonts
                0x002127d4       0xd8 Application\LCD\LCD_fonts_images.o
                0x002127d4                LCD_DisplayRemeberedSpacesBetweenFonts
 .text.LCD_WriteSpacesBetweenFontsOnSDcard
                0x002128ac       0x44 Application\LCD\LCD_fonts_images.o
                0x002128ac                LCD_WriteSpacesBetweenFontsOnSDcard
 .text.LCD_ResetSpacesBetweenFonts
                0x002128f0       0x10 Application\LCD\LCD_fonts_images.o
                0x002128f0                LCD_ResetSpacesBetweenFonts
 .text.LCD_SetSpacesBetweenFonts
                0x00212900       0x16 Application\LCD\LCD_fonts_images.o
                0x00212900                LCD_SetSpacesBetweenFonts
 *fill*         0x00212916        0x2 
 .text.LCD_Ypos
                0x00212918       0x64 Application\LCD\LCD_fonts_images.o
                0x00212918                LCD_Ypos
 .text.LCD_Xpos
                0x0021297c       0x64 Application\LCD\LCD_fonts_images.o
                0x0021297c                LCD_Xpos
 .text.LCD_Ymiddle
                0x002129e0       0x64 Application\LCD\LCD_fonts_images.o
                0x002129e0                LCD_Ymiddle
 .text.LCD_Xmiddle
                0x00212a44       0x7c Application\LCD\LCD_fonts_images.o
                0x00212a44                LCD_Xmiddle
 .text.TXT_PosCursor
                0x00212ac0       0x3c Application\LCD\Screens\SCREEN_ReadPanel.o
 .text.ClearCursorField
                0x00212afc       0x70 Application\LCD\Screens\SCREEN_ReadPanel.o
 .text.SetCursor
                0x00212b6c      0x12c Application\LCD\Screens\SCREEN_ReadPanel.o
 .text.Data2Refresh
                0x00212c98      0x428 Application\LCD\Screens\SCREEN_ReadPanel.o
                0x00212c98                Data2Refresh
 .text.RefreshAllParam
                0x002130c0       0x4a Application\LCD\Screens\SCREEN_ReadPanel.o
 *fill*         0x0021310a        0x2 
 .text.ChangeValRGB
                0x0021310c       0xec Application\LCD\Screens\SCREEN_ReadPanel.o
                0x0021310c                ChangeValRGB
 .text.IncCoeffRGB
                0x002131f8       0x64 Application\LCD\Screens\SCREEN_ReadPanel.o
                0x002131f8                IncCoeffRGB
 .text.DecCoeefRGB
                0x0021325c       0x64 Application\LCD\Screens\SCREEN_ReadPanel.o
                0x0021325c                DecCoeefRGB
 .text.ChangeTxt
                0x002132c0       0x30 Application\LCD\Screens\SCREEN_ReadPanel.o
                0x002132c0                ChangeTxt
 .text.ResetRGB
                0x002132f0       0xd0 Application\LCD\Screens\SCREEN_ReadPanel.o
                0x002132f0                ResetRGB
 .text.LCD_LoadFontVar
                0x002133c0       0xd4 Application\LCD\Screens\SCREEN_ReadPanel.o
 .text.AdjustMiddle_X
                0x00213494       0x44 Application\LCD\Screens\SCREEN_ReadPanel.o
 .text.AdjustMiddle_Y
                0x002134d8       0x24 Application\LCD\Screens\SCREEN_ReadPanel.o
 .text.ChangeFontStyle
                0x002134fc       0x88 Application\LCD\Screens\SCREEN_ReadPanel.o
                0x002134fc                ChangeFontStyle
 .text.Inc_lenWin
                0x00213584       0x90 Application\LCD\Screens\SCREEN_ReadPanel.o
                0x00213584                Inc_lenWin
 .text.Dec_lenWin
                0x00213614       0x5c Application\LCD\Screens\SCREEN_ReadPanel.o
                0x00213614                Dec_lenWin
 .text.Inc_offsWin
                0x00213670       0x78 Application\LCD\Screens\SCREEN_ReadPanel.o
                0x00213670                Inc_offsWin
 .text.Dec_offsWin
                0x002136e8       0x64 Application\LCD\Screens\SCREEN_ReadPanel.o
                0x002136e8                Dec_offsWin
 .text.IncFontSize
                0x0021374c      0x104 Application\LCD\Screens\SCREEN_ReadPanel.o
                0x0021374c                IncFontSize
 .text.DecFontSize
                0x00213850       0xf4 Application\LCD\Screens\SCREEN_ReadPanel.o
                0x00213850                DecFontSize
 .text.ChangeFontBoldItalNorm
                0x00213944       0x98 Application\LCD\Screens\SCREEN_ReadPanel.o
                0x00213944                ChangeFontBoldItalNorm
 .text.ReplaceLcdStrType
                0x002139dc       0xa4 Application\LCD\Screens\SCREEN_ReadPanel.o
                0x002139dc                ReplaceLcdStrType
 .text.Inc_PosCursor
                0x00213a80       0x38 Application\LCD\Screens\SCREEN_ReadPanel.o
                0x00213a80                Inc_PosCursor
 .text.Dec_PosCursor
                0x00213ab8       0x30 Application\LCD\Screens\SCREEN_ReadPanel.o
                0x00213ab8                Dec_PosCursor
 .text.IncDec_SpaceBetweenFont
                0x00213ae8       0xe4 Application\LCD\Screens\SCREEN_ReadPanel.o
                0x00213ae8                IncDec_SpaceBetweenFont
 .text.DisplayFontsWithChangeColorOrNot
                0x00213bcc       0x24 Application\LCD\Screens\SCREEN_ReadPanel.o
                0x00213bcc                DisplayFontsWithChangeColorOrNot
 .text.SCREEN_ResetAllParameters
                0x00213bf0       0x14 Application\LCD\Screens\SCREEN_ReadPanel.o
 .text.NOWY_0   0x00213c04      0x6bc Application\LCD\Screens\SCREEN_ReadPanel.o
                0x00213c04                NOWY_0
 .text.NOWY_1   0x002142c0      0xb44 Application\LCD\Screens\SCREEN_ReadPanel.o
                0x002142c0                NOWY_1
 .text.NOWY_2   0x00214e04      0x944 Application\LCD\Screens\SCREEN_ReadPanel.o
                0x00214e04                NOWY_2
 .text.NOWY_3   0x00215748      0x3f0 Application\LCD\Screens\SCREEN_ReadPanel.o
                0x00215748                NOWY_3
 .text._BkColor.12857
                0x00215b38       0x34 Application\LCD\Screens\SCREEN_ReadPanel.o
 .text.SCREEN_Test_Circle
                0x00215b6c      0x774 Application\LCD\Screens\SCREEN_ReadPanel.o
                0x00215b6c                SCREEN_Test_Circle
 .text.SCREEN_ReadPanel
                0x002162e0     0x1198 Application\LCD\Screens\SCREEN_ReadPanel.o
                0x002162e0                SCREEN_ReadPanel
 .text.SetLang  0x00217478       0x28 Application\Lang\lang.o
                0x00217478                SetLang
 .text.GetSelTxt
                0x002174a0       0xc8 Application\Lang\lang.o
                0x002174a0                GetSelTxt
 .text.vApplicationIdleHook
                0x00217568       0x20 Application\cpu_utils.o
                0x00217568                vApplicationIdleHook
 .text.vApplicationTickHook
                0x00217588       0x6c Application\cpu_utils.o
                0x00217588                vApplicationTickHook
 .text.osGetCPUUsage
                0x002175f4       0x18 Application\cpu_utils.o
                0x002175f4                osGetCPUUsage
 .text.MX_DMA_Init
                0x0021760c       0x74 Core\Src\dma.o
                0x0021760c                MX_DMA_Init
 .text.MX_DMA2D_Init
                0x00217680       0x70 Core\Src\dma2d.o
                0x00217680                MX_DMA2D_Init
 .text.HAL_DMA2D_MspInit
                0x002176f0       0x4c Core\Src\dma2d.o
                0x002176f0                HAL_DMA2D_MspInit
 .text.SDRAM_Initialization_Sequence
                0x0021773c       0xc8 Core\Src\fmc.o
                0x0021773c                SDRAM_Initialization_Sequence
 .text.TestSDRAM
                0x00217804      0x116 Core\Src\fmc.o
                0x00217804                TestSDRAM
 *fill*         0x0021791a        0x2 
 .text.MX_FMC_Init
                0x0021791c       0xa0 Core\Src\fmc.o
                0x0021791c                MX_FMC_Init
 .text.HAL_FMC_MspInit
                0x002179bc      0x124 Core\Src\fmc.o
 .text.HAL_SDRAM_MspInit
                0x00217ae0       0x14 Core\Src\fmc.o
                0x00217ae0                HAL_SDRAM_MspInit
 .text.vApplicationGetIdleTaskMemory
                0x00217af4       0x34 Core\Src\freertos.o
                0x00217af4                vApplicationGetIdleTaskMemory
 .text.MX_FREERTOS_Init
                0x00217b28       0x38 Core\Src\freertos.o
                0x00217b28                MX_FREERTOS_Init
 .text.StartDefaultTask
                0x00217b60       0x24 Core\Src\freertos.o
                0x00217b60                StartDefaultTask
 .text.MX_GPIO_Init
                0x00217b84      0x158 Core\Src\gpio.o
                0x00217b84                MX_GPIO_Init
 .text.MX_LTDC_Init
                0x00217cdc      0x108 Core\Src\ltdc.o
                0x00217cdc                MX_LTDC_Init
 .text.HAL_LTDC_MspInit
                0x00217de4      0x39c Core\Src\ltdc.o
                0x00217de4                HAL_LTDC_MspInit
 .text.SCB_EnableICache
                0x00218180       0x40 Core\Src\main.o
 .text.SCB_InvalidateICache
                0x002181c0       0x2c Core\Src\main.o
 .text.SCB_EnableDCache
                0x002181ec       0x80 Core\Src\main.o
 .text.SCB_InvalidateDCache
                0x0021826c       0x70 Core\Src\main.o
 .text.HARDWARE_Init
                0x002182dc       0x3a Core\Src\main.o
                0x002182dc                HARDWARE_Init
 .text.main     0x00218316       0x2a Core\Src\main.o
                0x00218316                main
 .text.SystemClock_Config
                0x00218340      0x148 Core\Src\main.o
                0x00218340                SystemClock_Config
 .text.MPU_Config
                0x00218488       0x8c Core\Src\main.o
 .text.HAL_TIM_PeriodElapsedCallback
                0x00218514       0x24 Core\Src\main.o
                0x00218514                HAL_TIM_PeriodElapsedCallback
 .text.Error_Handler
                0x00218538        0x8 Core\Src\main.o
                0x00218538                Error_Handler
 .text.MX_SDMMC1_SD_Init
                0x00218540       0x40 Core\Src\sdmmc.o
                0x00218540                MX_SDMMC1_SD_Init
 .text.HAL_SD_MspInit
                0x00218580      0x1d8 Core\Src\sdmmc.o
                0x00218580                HAL_SD_MspInit
 .text.HAL_MspInit
                0x00218758       0x50 Core\Src\stm32f7xx_hal_msp.o
                0x00218758                HAL_MspInit
 .text.HAL_InitTick
                0x002187a8       0xb0 Core\Src\stm32f7xx_hal_timebase_tim.o
                0x002187a8                HAL_InitTick
 .text.NMI_Handler
                0x00218858        0xa Core\Src\stm32f7xx_it.o
                0x00218858                NMI_Handler
 .text.HardFault_Handler
                0x00218862        0xa Core\Src\stm32f7xx_it.o
                0x00218862                HardFault_Handler
 .text.MemManage_Handler
                0x0021886c        0xa Core\Src\stm32f7xx_it.o
                0x0021886c                MemManage_Handler
 .text.BusFault_Handler
                0x00218876        0xa Core\Src\stm32f7xx_it.o
                0x00218876                BusFault_Handler
 .text.UsageFault_Handler
                0x00218880        0xa Core\Src\stm32f7xx_it.o
                0x00218880                UsageFault_Handler
 .text.DebugMon_Handler
                0x0021888a        0xc Core\Src\stm32f7xx_it.o
                0x0021888a                DebugMon_Handler
 *fill*         0x00218896        0x2 
 .text.DMA1_Stream3_IRQHandler
                0x00218898       0x14 Core\Src\stm32f7xx_it.o
                0x00218898                DMA1_Stream3_IRQHandler
 .text.TIM8_TRG_COM_TIM14_IRQHandler
                0x002188ac       0x14 Core\Src\stm32f7xx_it.o
                0x002188ac                TIM8_TRG_COM_TIM14_IRQHandler
 .text.SDMMC1_IRQHandler
                0x002188c0       0x14 Core\Src\stm32f7xx_it.o
                0x002188c0                SDMMC1_IRQHandler
 .text.DMA2_Stream3_IRQHandler
                0x002188d4       0x14 Core\Src\stm32f7xx_it.o
                0x002188d4                DMA2_Stream3_IRQHandler
 .text.DMA2_Stream6_IRQHandler
                0x002188e8       0x14 Core\Src\stm32f7xx_it.o
                0x002188e8                DMA2_Stream6_IRQHandler
 .text.UART7_IRQHandler
                0x002188fc       0x14 Core\Src\stm32f7xx_it.o
                0x002188fc                UART7_IRQHandler
 .text.DMA2D_IRQHandler
                0x00218910       0x14 Core\Src\stm32f7xx_it.o
                0x00218910                DMA2D_IRQHandler
 .text.SystemInit
                0x00218924       0x24 Core\Src\system_stm32f7xx.o
                0x00218924                SystemInit
 .text.MX_TIM5_Init
                0x00218948       0xb0 Core\Src\tim.o
                0x00218948                MX_TIM5_Init
 .text.HAL_TIM_Base_MspInit
                0x002189f8       0x40 Core\Src\tim.o
                0x002189f8                HAL_TIM_Base_MspInit
 .text.StartMeasureTime_us
                0x00218a38       0x1c Core\Src\tim.o
                0x00218a38                StartMeasureTime_us
 *fill*         0x00218a54        0x4 
 .text.StopMeasureTime_us
                0x00218a58       0x80 Core\Src\tim.o
                0x00218a58                StopMeasureTime_us
 .text.SCB_InvalidateDCache_by_Addr
                0x00218ad8       0x54 Core\Src\usart.o
 .text.MX_UART7_Init
                0x00218b2c       0x60 Core\Src\usart.o
                0x00218b2c                MX_UART7_Init
 .text.HAL_UART_MspInit
                0x00218b8c      0x11c Core\Src\usart.o
                0x00218b8c                HAL_UART_MspInit
 .text.HAL_UART_TxCpltCallback
                0x00218ca8       0x5c Core\Src\usart.o
                0x00218ca8                HAL_UART_TxCpltCallback
 .text.HAL_UART_RxCpltCallback
                0x00218d04       0x24 Core\Src\usart.o
                0x00218d04                HAL_UART_RxCpltCallback
 .text.HAL_UART_ErrorCallback
                0x00218d28       0x14 Core\Src\usart.o
                0x00218d28                HAL_UART_ErrorCallback
 .text.DEBUG_Send
                0x00218d3c       0x2c Core\Src\usart.o
                0x00218d3c                DEBUG_Send
 .text.DEBUG_ReceiveStart
                0x00218d68       0x54 Core\Src\usart.o
                0x00218d68                DEBUG_ReceiveStart
 .text.DEBUG_ReceiveStop
                0x00218dbc       0x14 Core\Src\usart.o
                0x00218dbc                DEBUG_ReceiveStop
 .text.HAL_Init
                0x00218dd0       0x38 Drivers\STM32F7xx_HAL_Driver\Src\stm32f7xx_hal.o
                0x00218dd0                HAL_Init
 .text.HAL_IncTick
                0x00218e08       0x28 Drivers\STM32F7xx_HAL_Driver\Src\stm32f7xx_hal.o
                0x00218e08                HAL_IncTick
 .text.HAL_GetTick
                0x00218e30       0x18 Drivers\STM32F7xx_HAL_Driver\Src\stm32f7xx_hal.o
                0x00218e30                HAL_GetTick
 .text.HAL_Delay
                0x00218e48       0x44 Drivers\STM32F7xx_HAL_Driver\Src\stm32f7xx_hal.o
                0x00218e48                HAL_Delay
 .text.__NVIC_SetPriorityGrouping
                0x00218e8c       0x48 Drivers\STM32F7xx_HAL_Driver\Src\stm32f7xx_hal_cortex.o
 .text.__NVIC_GetPriorityGrouping
                0x00218ed4       0x1c Drivers\STM32F7xx_HAL_Driver\Src\stm32f7xx_hal_cortex.o
 .text.__NVIC_EnableIRQ
                0x00218ef0       0x3c Drivers\STM32F7xx_HAL_Driver\Src\stm32f7xx_hal_cortex.o
 .text.__NVIC_SetPriority
                0x00218f2c       0x54 Drivers\STM32F7xx_HAL_Driver\Src\stm32f7xx_hal_cortex.o
 .text.NVIC_EncodePriority
                0x00218f80       0x62 Drivers\STM32F7xx_HAL_Driver\Src\stm32f7xx_hal_cortex.o
 .text.HAL_NVIC_SetPriorityGrouping
                0x00218fe2       0x16 Drivers\STM32F7xx_HAL_Driver\Src\stm32f7xx_hal_cortex.o
                0x00218fe2                HAL_NVIC_SetPriorityGrouping
 .text.HAL_NVIC_SetPriority
                0x00218ff8       0x38 Drivers\STM32F7xx_HAL_Driver\Src\stm32f7xx_hal_cortex.o
                0x00218ff8                HAL_NVIC_SetPriority
 .text.HAL_NVIC_EnableIRQ
                0x00219030       0x1c Drivers\STM32F7xx_HAL_Driver\Src\stm32f7xx_hal_cortex.o
                0x00219030                HAL_NVIC_EnableIRQ
 .text.HAL_MPU_Disable
                0x0021904c       0x2c Drivers\STM32F7xx_HAL_Driver\Src\stm32f7xx_hal_cortex.o
                0x0021904c                HAL_MPU_Disable
 .text.HAL_MPU_Enable
                0x00219078       0x3c Drivers\STM32F7xx_HAL_Driver\Src\stm32f7xx_hal_cortex.o
                0x00219078                HAL_MPU_Enable
 .text.HAL_MPU_ConfigRegion
                0x002190b4       0x88 Drivers\STM32F7xx_HAL_Driver\Src\stm32f7xx_hal_cortex.o
                0x002190b4                HAL_MPU_ConfigRegion
 .text.HAL_DMA_Init
                0x0021913c      0x15c Drivers\STM32F7xx_HAL_Driver\Src\stm32f7xx_hal_dma.o
                0x0021913c                HAL_DMA_Init
 .text.HAL_DMA_Start_IT
                0x00219298       0xc0 Drivers\STM32F7xx_HAL_Driver\Src\stm32f7xx_hal_dma.o
                0x00219298                HAL_DMA_Start_IT
 .text.HAL_DMA_Abort
                0x00219358       0xe0 Drivers\STM32F7xx_HAL_Driver\Src\stm32f7xx_hal_dma.o
                0x00219358                HAL_DMA_Abort
 .text.HAL_DMA_Abort_IT
                0x00219438       0x44 Drivers\STM32F7xx_HAL_Driver\Src\stm32f7xx_hal_dma.o
                0x00219438                HAL_DMA_Abort_IT
 .text.HAL_DMA_IRQHandler
                0x0021947c      0x314 Drivers\STM32F7xx_HAL_Driver\Src\stm32f7xx_hal_dma.o
                0x0021947c                HAL_DMA_IRQHandler
 .text.HAL_DMA_GetError
                0x00219790       0x18 Drivers\STM32F7xx_HAL_Driver\Src\stm32f7xx_hal_dma.o
                0x00219790                HAL_DMA_GetError
 .text.DMA_SetConfig
                0x002197a8       0x5c Drivers\STM32F7xx_HAL_Driver\Src\stm32f7xx_hal_dma.o
 .text.DMA_CalcBaseAndBitshift
                0x00219804       0x6c Drivers\STM32F7xx_HAL_Driver\Src\stm32f7xx_hal_dma.o
 .text.DMA_CheckFifoParam
                0x00219870       0xf4 Drivers\STM32F7xx_HAL_Driver\Src\stm32f7xx_hal_dma.o
 .text.HAL_DMA2D_Init
                0x00219964       0xb4 Drivers\STM32F7xx_HAL_Driver\Src\stm32f7xx_hal_dma2d.o
                0x00219964                HAL_DMA2D_Init
 .text.HAL_DMA2D_Start_IT
                0x00219a18       0x66 Drivers\STM32F7xx_HAL_Driver\Src\stm32f7xx_hal_dma2d.o
                0x00219a18                HAL_DMA2D_Start_IT
 .text.HAL_DMA2D_IRQHandler
                0x00219a7e      0x1f8 Drivers\STM32F7xx_HAL_Driver\Src\stm32f7xx_hal_dma2d.o
                0x00219a7e                HAL_DMA2D_IRQHandler
 .text.HAL_DMA2D_LineEventCallback
                0x00219c76       0x14 Drivers\STM32F7xx_HAL_Driver\Src\stm32f7xx_hal_dma2d.o
                0x00219c76                HAL_DMA2D_LineEventCallback
 .text.HAL_DMA2D_CLUTLoadingCpltCallback
                0x00219c8a       0x14 Drivers\STM32F7xx_HAL_Driver\Src\stm32f7xx_hal_dma2d.o
                0x00219c8a                HAL_DMA2D_CLUTLoadingCpltCallback
 *fill*         0x00219c9e        0x2 
 .text.HAL_DMA2D_ConfigLayer
                0x00219ca0      0x138 Drivers\STM32F7xx_HAL_Driver\Src\stm32f7xx_hal_dma2d.o
                0x00219ca0                HAL_DMA2D_ConfigLayer
 .text.HAL_DMA2D_GetState
                0x00219dd8       0x1c Drivers\STM32F7xx_HAL_Driver\Src\stm32f7xx_hal_dma2d.o
                0x00219dd8                HAL_DMA2D_GetState
 .text.DMA2D_SetConfig
                0x00219df4      0x138 Drivers\STM32F7xx_HAL_Driver\Src\stm32f7xx_hal_dma2d.o
 .text.HAL_GPIO_Init
                0x00219f2c      0x354 Drivers\STM32F7xx_HAL_Driver\Src\stm32f7xx_hal_gpio.o
                0x00219f2c                HAL_GPIO_Init
 .text.HAL_GPIO_WritePin
                0x0021a280       0x32 Drivers\STM32F7xx_HAL_Driver\Src\stm32f7xx_hal_gpio.o
                0x0021a280                HAL_GPIO_WritePin
 *fill*         0x0021a2b2        0x2 
 .text.HAL_LTDC_Init
                0x0021a2b4      0x1a0 Drivers\STM32F7xx_HAL_Driver\Src\stm32f7xx_hal_ltdc.o
                0x0021a2b4                HAL_LTDC_Init
 .text.HAL_LTDC_ConfigLayer
                0x0021a454       0x7c Drivers\STM32F7xx_HAL_Driver\Src\stm32f7xx_hal_ltdc.o
                0x0021a454                HAL_LTDC_ConfigLayer
 .text.LTDC_SetConfig
                0x0021a4d0      0x344 Drivers\STM32F7xx_HAL_Driver\Src\stm32f7xx_hal_ltdc.o
 .text.HAL_PWREx_EnableOverDrive
                0x0021a814       0xa0 Drivers\STM32F7xx_HAL_Driver\Src\stm32f7xx_hal_pwr_ex.o
                0x0021a814                HAL_PWREx_EnableOverDrive
 .text.HAL_RCC_OscConfig
                0x0021a8b4      0x55c Drivers\STM32F7xx_HAL_Driver\Src\stm32f7xx_hal_rcc.o
                0x0021a8b4                HAL_RCC_OscConfig
 .text.HAL_RCC_ClockConfig
                0x0021ae10      0x1d8 Drivers\STM32F7xx_HAL_Driver\Src\stm32f7xx_hal_rcc.o
                0x0021ae10                HAL_RCC_ClockConfig
 .text.HAL_RCC_GetSysClockFreq
                0x0021afe8      0x16c Drivers\STM32F7xx_HAL_Driver\Src\stm32f7xx_hal_rcc.o
                0x0021afe8                HAL_RCC_GetSysClockFreq
 .text.HAL_RCC_GetHCLKFreq
                0x0021b154       0x18 Drivers\STM32F7xx_HAL_Driver\Src\stm32f7xx_hal_rcc.o
                0x0021b154                HAL_RCC_GetHCLKFreq
 .text.HAL_RCC_GetPCLK1Freq
                0x0021b16c       0x28 Drivers\STM32F7xx_HAL_Driver\Src\stm32f7xx_hal_rcc.o
                0x0021b16c                HAL_RCC_GetPCLK1Freq
 .text.HAL_RCC_GetPCLK2Freq
                0x0021b194       0x28 Drivers\STM32F7xx_HAL_Driver\Src\stm32f7xx_hal_rcc.o
                0x0021b194                HAL_RCC_GetPCLK2Freq
 .text.HAL_RCC_GetClockConfig
                0x0021b1bc       0x64 Drivers\STM32F7xx_HAL_Driver\Src\stm32f7xx_hal_rcc.o
                0x0021b1bc                HAL_RCC_GetClockConfig
 .text.HAL_RCCEx_PeriphCLKConfig
                0x0021b220      0x84c Drivers\STM32F7xx_HAL_Driver\Src\stm32f7xx_hal_rcc_ex.o
                0x0021b220                HAL_RCCEx_PeriphCLKConfig
 .text.HAL_SD_Init
                0x0021ba6c       0x60 Drivers\STM32F7xx_HAL_Driver\Src\stm32f7xx_hal_sd.o
                0x0021ba6c                HAL_SD_Init
 .text.HAL_SD_InitCard
                0x0021bacc      0x10c Drivers\STM32F7xx_HAL_Driver\Src\stm32f7xx_hal_sd.o
                0x0021bacc                HAL_SD_InitCard
 .text.HAL_SD_ReadBlocks_DMA
                0x0021bbd8      0x1c4 Drivers\STM32F7xx_HAL_Driver\Src\stm32f7xx_hal_sd.o
                0x0021bbd8                HAL_SD_ReadBlocks_DMA
 .text.HAL_SD_WriteBlocks_DMA
                0x0021bd9c      0x1cc Drivers\STM32F7xx_HAL_Driver\Src\stm32f7xx_hal_sd.o
                0x0021bd9c                HAL_SD_WriteBlocks_DMA
 .text.HAL_SD_IRQHandler
                0x0021bf68      0x2ec Drivers\STM32F7xx_HAL_Driver\Src\stm32f7xx_hal_sd.o
                0x0021bf68                HAL_SD_IRQHandler
 .text.HAL_SD_ErrorCallback
                0x0021c254       0x14 Drivers\STM32F7xx_HAL_Driver\Src\stm32f7xx_hal_sd.o
                0x0021c254                HAL_SD_ErrorCallback
 .text.HAL_SD_GetCardCSD
                0x0021c268      0x348 Drivers\STM32F7xx_HAL_Driver\Src\stm32f7xx_hal_sd.o
                0x0021c268                HAL_SD_GetCardCSD
 .text.HAL_SD_GetCardInfo
                0x0021c5b0       0x58 Drivers\STM32F7xx_HAL_Driver\Src\stm32f7xx_hal_sd.o
                0x0021c5b0                HAL_SD_GetCardInfo
 .text.HAL_SD_ConfigWideBusOperation
                0x0021c608      0x134 Drivers\STM32F7xx_HAL_Driver\Src\stm32f7xx_hal_sd.o
                0x0021c608                HAL_SD_ConfigWideBusOperation
 .text.HAL_SD_GetCardState
                0x0021c73c       0x40 Drivers\STM32F7xx_HAL_Driver\Src\stm32f7xx_hal_sd.o
                0x0021c73c                HAL_SD_GetCardState
 .text.SD_DMATransmitCplt
                0x0021c77c       0x2a Drivers\STM32F7xx_HAL_Driver\Src\stm32f7xx_hal_sd.o
 .text.SD_DMAReceiveCplt
                0x0021c7a6       0x70 Drivers\STM32F7xx_HAL_Driver\Src\stm32f7xx_hal_sd.o
 *fill*         0x0021c816        0x2 
 .text.SD_DMAError
                0x0021c818       0xa4 Drivers\STM32F7xx_HAL_Driver\Src\stm32f7xx_hal_sd.o
 .text.SD_DMATxAbort
                0x0021c8bc       0x6e Drivers\STM32F7xx_HAL_Driver\Src\stm32f7xx_hal_sd.o
 .text.SD_DMARxAbort
                0x0021c92a       0x6e Drivers\STM32F7xx_HAL_Driver\Src\stm32f7xx_hal_sd.o
 .text.SD_InitCard
                0x0021c998      0x19a Drivers\STM32F7xx_HAL_Driver\Src\stm32f7xx_hal_sd.o
 *fill*         0x0021cb32        0x2 
 .text.SD_PowerON
                0x0021cb34      0x11c Drivers\STM32F7xx_HAL_Driver\Src\stm32f7xx_hal_sd.o
 .text.SD_SendStatus
                0x0021cc50       0x50 Drivers\STM32F7xx_HAL_Driver\Src\stm32f7xx_hal_sd.o
 .text.SD_WideBus_Enable
                0x0021cca0       0x96 Drivers\STM32F7xx_HAL_Driver\Src\stm32f7xx_hal_sd.o
 .text.SD_WideBus_Disable
                0x0021cd36       0x96 Drivers\STM32F7xx_HAL_Driver\Src\stm32f7xx_hal_sd.o
 .text.SD_FindSCR
                0x0021cdcc      0x1a6 Drivers\STM32F7xx_HAL_Driver\Src\stm32f7xx_hal_sd.o
 .text.SD_Read_IT
                0x0021cf72       0xa2 Drivers\STM32F7xx_HAL_Driver\Src\stm32f7xx_hal_sd.o
 .text.SD_Write_IT
                0x0021d014       0xaa Drivers\STM32F7xx_HAL_Driver\Src\stm32f7xx_hal_sd.o
 .text.HAL_SDRAM_Init
                0x0021d0be       0x68 Drivers\STM32F7xx_HAL_Driver\Src\stm32f7xx_hal_sdram.o
                0x0021d0be                HAL_SDRAM_Init
 .text.HAL_SDRAM_SendCommand
                0x0021d126       0x56 Drivers\STM32F7xx_HAL_Driver\Src\stm32f7xx_hal_sdram.o
                0x0021d126                HAL_SDRAM_SendCommand
 .text.HAL_TIM_Base_Init
                0x0021d17c       0xae Drivers\STM32F7xx_HAL_Driver\Src\stm32f7xx_hal_tim.o
                0x0021d17c                HAL_TIM_Base_Init
 *fill*         0x0021d22a        0x2 
 .text.HAL_TIM_Base_Start
                0x0021d22c       0xe0 Drivers\STM32F7xx_HAL_Driver\Src\stm32f7xx_hal_tim.o
                0x0021d22c                HAL_TIM_Base_Start
 .text.HAL_TIM_Base_Stop
                0x0021d30c       0x4e Drivers\STM32F7xx_HAL_Driver\Src\stm32f7xx_hal_tim.o
                0x0021d30c                HAL_TIM_Base_Stop
 *fill*         0x0021d35a        0x2 
 .text.HAL_TIM_Base_Start_IT
                0x0021d35c       0xf0 Drivers\STM32F7xx_HAL_Driver\Src\stm32f7xx_hal_tim.o
                0x0021d35c                HAL_TIM_Base_Start_IT
 .text.HAL_TIM_IRQHandler
                0x0021d44c      0x23e Drivers\STM32F7xx_HAL_Driver\Src\stm32f7xx_hal_tim.o
                0x0021d44c                HAL_TIM_IRQHandler
 *fill*         0x0021d68a        0x2 
 .text.HAL_TIM_ConfigClockSource
                0x0021d68c      0x174 Drivers\STM32F7xx_HAL_Driver\Src\stm32f7xx_hal_tim.o
                0x0021d68c                HAL_TIM_ConfigClockSource
 .text.HAL_TIM_OC_DelayElapsedCallback
                0x0021d800       0x14 Drivers\STM32F7xx_HAL_Driver\Src\stm32f7xx_hal_tim.o
                0x0021d800                HAL_TIM_OC_DelayElapsedCallback
 .text.HAL_TIM_IC_CaptureCallback
                0x0021d814       0x14 Drivers\STM32F7xx_HAL_Driver\Src\stm32f7xx_hal_tim.o
                0x0021d814                HAL_TIM_IC_CaptureCallback
 .text.HAL_TIM_PWM_PulseFinishedCallback
                0x0021d828       0x14 Drivers\STM32F7xx_HAL_Driver\Src\stm32f7xx_hal_tim.o
                0x0021d828                HAL_TIM_PWM_PulseFinishedCallback
 .text.HAL_TIM_TriggerCallback
                0x0021d83c       0x14 Drivers\STM32F7xx_HAL_Driver\Src\stm32f7xx_hal_tim.o
                0x0021d83c                HAL_TIM_TriggerCallback
 .text.TIM_Base_SetConfig
                0x0021d850      0x140 Drivers\STM32F7xx_HAL_Driver\Src\stm32f7xx_hal_tim.o
                0x0021d850                TIM_Base_SetConfig
 .text.TIM_TI1_ConfigInputStage
                0x0021d990       0x5e Drivers\STM32F7xx_HAL_Driver\Src\stm32f7xx_hal_tim.o
 .text.TIM_TI2_ConfigInputStage
                0x0021d9ee       0x60 Drivers\STM32F7xx_HAL_Driver\Src\stm32f7xx_hal_tim.o
 .text.TIM_ITRx_SetConfig
                0x0021da4e       0x36 Drivers\STM32F7xx_HAL_Driver\Src\stm32f7xx_hal_tim.o
 .text.TIM_ETR_SetConfig
                0x0021da84       0x40 Drivers\STM32F7xx_HAL_Driver\Src\stm32f7xx_hal_tim.o
                0x0021da84                TIM_ETR_SetConfig
 .text.HAL_TIMEx_MasterConfigSynchronization
                0x0021dac4      0x11c Drivers\STM32F7xx_HAL_Driver\Src\stm32f7xx_hal_tim_ex.o
                0x0021dac4                HAL_TIMEx_MasterConfigSynchronization
 .text.HAL_TIMEx_CommutCallback
                0x0021dbe0       0x14 Drivers\STM32F7xx_HAL_Driver\Src\stm32f7xx_hal_tim_ex.o
                0x0021dbe0                HAL_TIMEx_CommutCallback
 .text.HAL_TIMEx_BreakCallback
                0x0021dbf4       0x14 Drivers\STM32F7xx_HAL_Driver\Src\stm32f7xx_hal_tim_ex.o
                0x0021dbf4                HAL_TIMEx_BreakCallback
 .text.HAL_TIMEx_Break2Callback
                0x0021dc08       0x14 Drivers\STM32F7xx_HAL_Driver\Src\stm32f7xx_hal_tim_ex.o
                0x0021dc08                HAL_TIMEx_Break2Callback
 .text.HAL_UART_Init
                0x0021dc1c       0x9c Drivers\STM32F7xx_HAL_Driver\Src\stm32f7xx_hal_uart.o
                0x0021dc1c                HAL_UART_Init
 .text.HAL_UART_Transmit
                0x0021dcb8      0x122 Drivers\STM32F7xx_HAL_Driver\Src\stm32f7xx_hal_uart.o
                0x0021dcb8                HAL_UART_Transmit
 .text.HAL_UART_Receive_DMA
                0x0021ddda       0x7a Drivers\STM32F7xx_HAL_Driver\Src\stm32f7xx_hal_uart.o
                0x0021ddda                HAL_UART_Receive_DMA
 .text.HAL_UART_DMAStop
                0x0021de54       0xda Drivers\STM32F7xx_HAL_Driver\Src\stm32f7xx_hal_uart.o
                0x0021de54                HAL_UART_DMAStop
 *fill*         0x0021df2e        0x2 
 .text.HAL_UART_IRQHandler
                0x0021df30      0x400 Drivers\STM32F7xx_HAL_Driver\Src\stm32f7xx_hal_uart.o
                0x0021df30                HAL_UART_IRQHandler
 .text.HAL_UART_RxHalfCpltCallback
                0x0021e330       0x14 Drivers\STM32F7xx_HAL_Driver\Src\stm32f7xx_hal_uart.o
                0x0021e330                HAL_UART_RxHalfCpltCallback
 .text.HAL_UARTEx_RxEventCallback
                0x0021e344       0x18 Drivers\STM32F7xx_HAL_Driver\Src\stm32f7xx_hal_uart.o
                0x0021e344                HAL_UARTEx_RxEventCallback
 .text.HAL_UARTEx_WakeupCallback
                0x0021e35c       0x14 Drivers\STM32F7xx_HAL_Driver\Src\stm32f7xx_hal_uart.o
                0x0021e35c                HAL_UARTEx_WakeupCallback
 .text.UART_SetConfig
                0x0021e370      0x4c0 Drivers\STM32F7xx_HAL_Driver\Src\stm32f7xx_hal_uart.o
                0x0021e370                UART_SetConfig
 .text.UART_AdvFeatureConfig
                0x0021e830      0x144 Drivers\STM32F7xx_HAL_Driver\Src\stm32f7xx_hal_uart.o
                0x0021e830                UART_AdvFeatureConfig
 .text.UART_CheckIdleState
                0x0021e974       0x92 Drivers\STM32F7xx_HAL_Driver\Src\stm32f7xx_hal_uart.o
                0x0021e974                UART_CheckIdleState
 .text.UART_WaitOnFlagUntilTimeout
                0x0021ea06       0xf8 Drivers\STM32F7xx_HAL_Driver\Src\stm32f7xx_hal_uart.o
                0x0021ea06                UART_WaitOnFlagUntilTimeout
 *fill*         0x0021eafe        0x2 
 .text.UART_Start_Receive_DMA
                0x0021eb00       0xd8 Drivers\STM32F7xx_HAL_Driver\Src\stm32f7xx_hal_uart.o
                0x0021eb00                UART_Start_Receive_DMA
 .text.UART_EndTxTransfer
                0x0021ebd8       0x2a Drivers\STM32F7xx_HAL_Driver\Src\stm32f7xx_hal_uart.o
 .text.UART_EndRxTransfer
                0x0021ec02       0x5e Drivers\STM32F7xx_HAL_Driver\Src\stm32f7xx_hal_uart.o
 .text.UART_DMAReceiveCplt
                0x0021ec60       0x94 Drivers\STM32F7xx_HAL_Driver\Src\stm32f7xx_hal_uart.o
 .text.UART_DMARxHalfCplt
                0x0021ecf4       0x38 Drivers\STM32F7xx_HAL_Driver\Src\stm32f7xx_hal_uart.o
 .text.UART_DMAError
                0x0021ed2c       0x7c Drivers\STM32F7xx_HAL_Driver\Src\stm32f7xx_hal_uart.o
 .text.UART_DMAAbortOnError
                0x0021eda8       0x2c Drivers\STM32F7xx_HAL_Driver\Src\stm32f7xx_hal_uart.o
 .text.UART_EndTransmit_IT
                0x0021edd4       0x32 Drivers\STM32F7xx_HAL_Driver\Src\stm32f7xx_hal_uart.o
 *fill*         0x0021ee06        0x2 
 .text.FMC_SDRAM_Init
                0x0021ee08       0xe4 Drivers\STM32F7xx_HAL_Driver\Src\stm32f7xx_ll_fmc.o
                0x0021ee08                FMC_SDRAM_Init
 .text.FMC_SDRAM_Timing_Init
                0x0021eeec      0x100 Drivers\STM32F7xx_HAL_Driver\Src\stm32f7xx_ll_fmc.o
                0x0021eeec                FMC_SDRAM_Timing_Init
 .text.FMC_SDRAM_SendCommand
                0x0021efec       0x48 Drivers\STM32F7xx_HAL_Driver\Src\stm32f7xx_ll_fmc.o
                0x0021efec                FMC_SDRAM_SendCommand
 .text.SDMMC_Init
                0x0021f034       0x58 Drivers\STM32F7xx_HAL_Driver\Src\stm32f7xx_ll_sdmmc.o
                0x0021f034                SDMMC_Init
 .text.SDMMC_ReadFIFO
                0x0021f08c       0x1a Drivers\STM32F7xx_HAL_Driver\Src\stm32f7xx_ll_sdmmc.o
                0x0021f08c                SDMMC_ReadFIFO
 .text.SDMMC_WriteFIFO
                0x0021f0a6       0x22 Drivers\STM32F7xx_HAL_Driver\Src\stm32f7xx_ll_sdmmc.o
                0x0021f0a6                SDMMC_WriteFIFO
 .text.SDMMC_PowerState_ON
                0x0021f0c8       0x1e Drivers\STM32F7xx_HAL_Driver\Src\stm32f7xx_ll_sdmmc.o
                0x0021f0c8                SDMMC_PowerState_ON
 .text.SDMMC_GetPowerState
                0x0021f0e6       0x1c Drivers\STM32F7xx_HAL_Driver\Src\stm32f7xx_ll_sdmmc.o
                0x0021f0e6                SDMMC_GetPowerState
 *fill*         0x0021f102        0x2 
 .text.SDMMC_SendCommand
                0x0021f104       0x54 Drivers\STM32F7xx_HAL_Driver\Src\stm32f7xx_ll_sdmmc.o
                0x0021f104                SDMMC_SendCommand
 .text.SDMMC_GetCommandResponse
                0x0021f158       0x1a Drivers\STM32F7xx_HAL_Driver\Src\stm32f7xx_ll_sdmmc.o
                0x0021f158                SDMMC_GetCommandResponse
 .text.SDMMC_GetResponse
                0x0021f172       0x26 Drivers\STM32F7xx_HAL_Driver\Src\stm32f7xx_ll_sdmmc.o
                0x0021f172                SDMMC_GetResponse
 .text.SDMMC_ConfigData
                0x0021f198       0x58 Drivers\STM32F7xx_HAL_Driver\Src\stm32f7xx_ll_sdmmc.o
                0x0021f198                SDMMC_ConfigData
 .text.SDMMC_CmdBlockLength
                0x0021f1f0       0x44 Drivers\STM32F7xx_HAL_Driver\Src\stm32f7xx_ll_sdmmc.o
                0x0021f1f0                SDMMC_CmdBlockLength
 .text.SDMMC_CmdReadSingleBlock
                0x0021f234       0x44 Drivers\STM32F7xx_HAL_Driver\Src\stm32f7xx_ll_sdmmc.o
                0x0021f234                SDMMC_CmdReadSingleBlock
 .text.SDMMC_CmdReadMultiBlock
                0x0021f278       0x44 Drivers\STM32F7xx_HAL_Driver\Src\stm32f7xx_ll_sdmmc.o
                0x0021f278                SDMMC_CmdReadMultiBlock
 .text.SDMMC_CmdWriteSingleBlock
                0x0021f2bc       0x44 Drivers\STM32F7xx_HAL_Driver\Src\stm32f7xx_ll_sdmmc.o
                0x0021f2bc                SDMMC_CmdWriteSingleBlock
 .text.SDMMC_CmdWriteMultiBlock
                0x0021f300       0x44 Drivers\STM32F7xx_HAL_Driver\Src\stm32f7xx_ll_sdmmc.o
                0x0021f300                SDMMC_CmdWriteMultiBlock
 .text.SDMMC_CmdStopTransfer
                0x0021f344       0x44 Drivers\STM32F7xx_HAL_Driver\Src\stm32f7xx_ll_sdmmc.o
                0x0021f344                SDMMC_CmdStopTransfer
 .text.SDMMC_CmdSelDesel
                0x0021f388       0x46 Drivers\STM32F7xx_HAL_Driver\Src\stm32f7xx_ll_sdmmc.o
                0x0021f388                SDMMC_CmdSelDesel
 .text.SDMMC_CmdGoIdleState
                0x0021f3ce       0x3c Drivers\STM32F7xx_HAL_Driver\Src\stm32f7xx_ll_sdmmc.o
                0x0021f3ce                SDMMC_CmdGoIdleState
 .text.SDMMC_CmdOperCond
                0x0021f40a       0x3e Drivers\STM32F7xx_HAL_Driver\Src\stm32f7xx_ll_sdmmc.o
                0x0021f40a                SDMMC_CmdOperCond
 .text.SDMMC_CmdAppCommand
                0x0021f448       0x44 Drivers\STM32F7xx_HAL_Driver\Src\stm32f7xx_ll_sdmmc.o
                0x0021f448                SDMMC_CmdAppCommand
 .text.SDMMC_CmdAppOperCommand
                0x0021f48c       0x48 Drivers\STM32F7xx_HAL_Driver\Src\stm32f7xx_ll_sdmmc.o
                0x0021f48c                SDMMC_CmdAppOperCommand
 .text.SDMMC_CmdBusWidth
                0x0021f4d4       0x44 Drivers\STM32F7xx_HAL_Driver\Src\stm32f7xx_ll_sdmmc.o
                0x0021f4d4                SDMMC_CmdBusWidth
 .text.SDMMC_CmdSendSCR
                0x0021f518       0x42 Drivers\STM32F7xx_HAL_Driver\Src\stm32f7xx_ll_sdmmc.o
                0x0021f518                SDMMC_CmdSendSCR
 .text.SDMMC_CmdSendCID
                0x0021f55a       0x3c Drivers\STM32F7xx_HAL_Driver\Src\stm32f7xx_ll_sdmmc.o
                0x0021f55a                SDMMC_CmdSendCID
 .text.SDMMC_CmdSendCSD
                0x0021f596       0x3e Drivers\STM32F7xx_HAL_Driver\Src\stm32f7xx_ll_sdmmc.o
                0x0021f596                SDMMC_CmdSendCSD
 .text.SDMMC_CmdSetRelAdd
                0x0021f5d4       0x42 Drivers\STM32F7xx_HAL_Driver\Src\stm32f7xx_ll_sdmmc.o
                0x0021f5d4                SDMMC_CmdSetRelAdd
 .text.SDMMC_CmdSendStatus
                0x0021f616       0x44 Drivers\STM32F7xx_HAL_Driver\Src\stm32f7xx_ll_sdmmc.o
                0x0021f616                SDMMC_CmdSendStatus
 *fill*         0x0021f65a        0x2 
 .text.SDMMC_GetCmdError
                0x0021f65c       0x58 Drivers\STM32F7xx_HAL_Driver\Src\stm32f7xx_ll_sdmmc.o
 .text.SDMMC_GetCmdResp1
                0x0021f6b4      0x1dc Drivers\STM32F7xx_HAL_Driver\Src\stm32f7xx_ll_sdmmc.o
 .text.SDMMC_GetCmdResp2
                0x0021f890       0x90 Drivers\STM32F7xx_HAL_Driver\Src\stm32f7xx_ll_sdmmc.o
 .text.SDMMC_GetCmdResp3
                0x0021f920       0x7c Drivers\STM32F7xx_HAL_Driver\Src\stm32f7xx_ll_sdmmc.o
 .text.SDMMC_GetCmdResp6
                0x0021f99c       0xec Drivers\STM32F7xx_HAL_Driver\Src\stm32f7xx_ll_sdmmc.o
 .text.SDMMC_GetCmdResp7
                0x0021fa88       0x9c Drivers\STM32F7xx_HAL_Driver\Src\stm32f7xx_ll_sdmmc.o
 .text.MX_FATFS_Init
                0x0021fb24       0x28 FATFS\App\fatfs.o
                0x0021fb24                MX_FATFS_Init
 .text.get_fattime
                0x0021fb4c       0x10 FATFS\App\fatfs.o
                0x0021fb4c                get_fattime
 .text.BSP_SD_Init
                0x0021fb5c       0x4c FATFS\Target\bsp_driver_sd.o
                0x0021fb5c                BSP_SD_Init
 .text.BSP_SD_ReadBlocks_DMA
                0x0021fba8       0x34 FATFS\Target\bsp_driver_sd.o
                0x0021fba8                BSP_SD_ReadBlocks_DMA
 .text.BSP_SD_WriteBlocks_DMA
                0x0021fbdc       0x34 FATFS\Target\bsp_driver_sd.o
                0x0021fbdc                BSP_SD_WriteBlocks_DMA
 .text.BSP_SD_GetCardState
                0x0021fc10       0x20 FATFS\Target\bsp_driver_sd.o
                0x0021fc10                BSP_SD_GetCardState
 .text.BSP_SD_GetCardInfo
                0x0021fc30       0x1c FATFS\Target\bsp_driver_sd.o
                0x0021fc30                BSP_SD_GetCardInfo
 .text.HAL_SD_AbortCallback
                0x0021fc4c       0x14 FATFS\Target\bsp_driver_sd.o
                0x0021fc4c                HAL_SD_AbortCallback
 .text.HAL_SD_TxCpltCallback
                0x0021fc60       0x14 FATFS\Target\bsp_driver_sd.o
                0x0021fc60                HAL_SD_TxCpltCallback
 .text.HAL_SD_RxCpltCallback
                0x0021fc74       0x14 FATFS\Target\bsp_driver_sd.o
                0x0021fc74                HAL_SD_RxCpltCallback
 .text.BSP_SD_AbortCallback
                0x0021fc88        0xe FATFS\Target\bsp_driver_sd.o
                0x0021fc88                BSP_SD_AbortCallback
 .text.BSP_SD_IsDetected
                0x0021fc96       0x1a FATFS\Target\bsp_driver_sd.o
                0x0021fc96                BSP_SD_IsDetected
 .text.SCB_InvalidateDCache_by_Addr
                0x0021fcb0       0x54 FATFS\Target\sd_diskio.o
 .text.SCB_CleanDCache_by_Addr
                0x0021fd04       0x54 FATFS\Target\sd_diskio.o
 .text.SD_CheckStatusWithTimeout
                0x0021fd58       0x3a FATFS\Target\sd_diskio.o
 *fill*         0x0021fd92        0x2 
 .text.SD_CheckStatus
                0x0021fd94       0x3c FATFS\Target\sd_diskio.o
 .text.SD_initialize
                0x0021fdd0       0x98 FATFS\Target\sd_diskio.o
                0x0021fdd0                SD_initialize
 .text.SD_status
                0x0021fe68       0x1c FATFS\Target\sd_diskio.o
                0x0021fe68                SD_status
 .text.SD_read  0x0021fe84      0x1ac FATFS\Target\sd_diskio.o
                0x0021fe84                SD_read
 .text.SD_write
                0x00220030      0x18c FATFS\Target\sd_diskio.o
                0x00220030                SD_write
 .text.SD_ioctl
                0x002201bc       0xb0 FATFS\Target\sd_diskio.o
                0x002201bc                SD_ioctl
 .text.BSP_SD_WriteCpltCallback
                0x0022026c       0x1c FATFS\Target\sd_diskio.o
                0x0022026c                BSP_SD_WriteCpltCallback
 .text.BSP_SD_ReadCpltCallback
                0x00220288       0x1c FATFS\Target\sd_diskio.o
                0x00220288                BSP_SD_ReadCpltCallback
 .text.disk_status
                0x002202a4       0x34 Middlewares\Third_Party\FatFs\src\diskio.o
                0x002202a4                disk_status
 .text.disk_initialize
                0x002202d8       0x4c Middlewares\Third_Party\FatFs\src\diskio.o
                0x002202d8                disk_initialize
 .text.disk_read
                0x00220324       0x40 Middlewares\Third_Party\FatFs\src\diskio.o
                0x00220324                disk_read
 .text.disk_write
                0x00220364       0x40 Middlewares\Third_Party\FatFs\src\diskio.o
                0x00220364                disk_write
 .text.disk_ioctl
                0x002203a4       0x3c Middlewares\Third_Party\FatFs\src\diskio.o
                0x002203a4                disk_ioctl
 .text.ld_word  0x002203e0       0x30 Middlewares\Third_Party\FatFs\src\ff.o
 .text.ld_dword
                0x00220410       0x46 Middlewares\Third_Party\FatFs\src\ff.o
 .text.st_word  0x00220456       0x36 Middlewares\Third_Party\FatFs\src\ff.o
 .text.st_dword
                0x0022048c       0x58 Middlewares\Third_Party\FatFs\src\ff.o
 .text.mem_cpy  0x002204e4       0x42 Middlewares\Third_Party\FatFs\src\ff.o
 .text.mem_set  0x00220526       0x34 Middlewares\Third_Party\FatFs\src\ff.o
 .text.mem_cmp  0x0022055a       0x4e Middlewares\Third_Party\FatFs\src\ff.o
 .text.chk_chr  0x002205a8       0x36 Middlewares\Third_Party\FatFs\src\ff.o
 .text.lock_fs  0x002205de       0x2c Middlewares\Third_Party\FatFs\src\ff.o
 .text.unlock_fs
                0x0022060a       0x36 Middlewares\Third_Party\FatFs\src\ff.o
 .text.chk_lock
                0x00220640       0xb8 Middlewares\Third_Party\FatFs\src\ff.o
 .text.enq_lock
                0x002206f8       0x44 Middlewares\Third_Party\FatFs\src\ff.o
 .text.inc_lock
                0x0022073c      0x11c Middlewares\Third_Party\FatFs\src\ff.o
 .text.dec_lock
                0x00220858       0x78 Middlewares\Third_Party\FatFs\src\ff.o
 .text.clear_lock
                0x002208d0       0x48 Middlewares\Third_Party\FatFs\src\ff.o
 .text.sync_window
                0x00220918       0x88 Middlewares\Third_Party\FatFs\src\ff.o
 .text.move_window
                0x002209a0       0x5a Middlewares\Third_Party\FatFs\src\ff.o
 *fill*         0x002209fa        0x2 
 .text.sync_fs  0x002209fc       0xdc Middlewares\Third_Party\FatFs\src\ff.o
 .text.clust2sect
                0x00220ad8       0x3e Middlewares\Third_Party\FatFs\src\ff.o
 .text.get_fat  0x00220b16      0x14a Middlewares\Third_Party\FatFs\src\ff.o
 .text.put_fat  0x00220c60      0x1ce Middlewares\Third_Party\FatFs\src\ff.o
 .text.remove_chain
                0x00220e2e       0xca Middlewares\Third_Party\FatFs\src\ff.o
 .text.create_chain
                0x00220ef8      0x130 Middlewares\Third_Party\FatFs\src\ff.o
 .text.clmt_clust
                0x00221028       0x68 Middlewares\Third_Party\FatFs\src\ff.o
 .text.dir_sdi  0x00221090       0xf6 Middlewares\Third_Party\FatFs\src\ff.o
 .text.dir_next
                0x00221186      0x18a Middlewares\Third_Party\FatFs\src\ff.o
 .text.dir_alloc
                0x00221310       0x8e Middlewares\Third_Party\FatFs\src\ff.o
 .text.ld_clust
                0x0022139e       0x3e Middlewares\Third_Party\FatFs\src\ff.o
 .text.st_clust
                0x002213dc       0x40 Middlewares\Third_Party\FatFs\src\ff.o
 .text.cmp_lfn  0x0022141c       0xe0 Middlewares\Third_Party\FatFs\src\ff.o
 .text.put_lfn  0x002214fc       0xd0 Middlewares\Third_Party\FatFs\src\ff.o
 .text.gen_numname
                0x002215cc      0x11c Middlewares\Third_Party\FatFs\src\ff.o
 .text.sum_sfn  0x002216e8       0x42 Middlewares\Third_Party\FatFs\src\ff.o
 .text.dir_find
                0x0022172a      0x180 Middlewares\Third_Party\FatFs\src\ff.o
 *fill*         0x002218aa        0x2 
 .text.dir_register
                0x002218ac      0x1f0 Middlewares\Third_Party\FatFs\src\ff.o
 .text.get_fileinfo
                0x00221a9c      0x1ba Middlewares\Third_Party\FatFs\src\ff.o
 *fill*         0x00221c56        0x2 
 .text.create_name
                0x00221c58      0x370 Middlewares\Third_Party\FatFs\src\ff.o
 .text.follow_path
                0x00221fc8       0xe2 Middlewares\Third_Party\FatFs\src\ff.o
 .text.get_ldnumber
                0x002220aa       0x88 Middlewares\Third_Party\FatFs\src\ff.o
 *fill*         0x00222132        0x2 
 .text.check_fs
                0x00222134       0xac Middlewares\Third_Party\FatFs\src\ff.o
 .text.find_volume
                0x002221e0      0x4a8 Middlewares\Third_Party\FatFs\src\ff.o
 .text.validate
                0x00222688       0x8e Middlewares\Third_Party\FatFs\src\ff.o
 *fill*         0x00222716        0x2 
 .text.f_mount  0x00222718       0xc8 Middlewares\Third_Party\FatFs\src\ff.o
                0x00222718                f_mount
 .text.f_open   0x002227e0      0x3b4 Middlewares\Third_Party\FatFs\src\ff.o
                0x002227e0                f_open
 .text.f_read   0x00222b94      0x2dc Middlewares\Third_Party\FatFs\src\ff.o
                0x00222b94                f_read
 .text.f_write  0x00222e70      0x348 Middlewares\Third_Party\FatFs\src\ff.o
                0x00222e70                f_write
 .text.f_sync   0x002231b8      0x112 Middlewares\Third_Party\FatFs\src\ff.o
                0x002231b8                f_sync
 .text.f_close  0x002232ca       0x5e Middlewares\Third_Party\FatFs\src\ff.o
                0x002232ca                f_close
 .text.f_stat   0x00223328       0xaa Middlewares\Third_Party\FatFs\src\ff.o
                0x00223328                f_stat
 *fill*         0x002233d2        0x2 
 .text.FATFS_LinkDriverEx
                0x002233d4       0x98 Middlewares\Third_Party\FatFs\src\ff_gen_drv.o
                0x002233d4                FATFS_LinkDriverEx
 .text.FATFS_LinkDriver
                0x0022346c       0x1e Middlewares\Third_Party\FatFs\src\ff_gen_drv.o
                0x0022346c                FATFS_LinkDriver
 *fill*         0x0022348a        0x2 
 .text.ff_convert
                0x0022348c       0x78 Middlewares\Third_Party\FatFs\src\option\ccsbcs.o
                0x0022348c                ff_convert
 .text.ff_wtoupper
                0x00223504      0x114 Middlewares\Third_Party\FatFs\src\option\ccsbcs.o
                0x00223504                ff_wtoupper
 .text.ff_cre_syncobj
                0x00223618       0x40 Middlewares\Third_Party\FatFs\src\option\syscall.o
                0x00223618                ff_cre_syncobj
 .text.ff_del_syncobj
                0x00223658       0x18 Middlewares\Third_Party\FatFs\src\option\syscall.o
                0x00223658                ff_del_syncobj
 .text.ff_req_grant
                0x00223670       0x2a Middlewares\Third_Party\FatFs\src\option\syscall.o
                0x00223670                ff_req_grant
 .text.ff_rel_grant
                0x0022369a       0x16 Middlewares\Third_Party\FatFs\src\option\syscall.o
                0x0022369a                ff_rel_grant
 .text.ff_memalloc
                0x002236b0       0x18 Middlewares\Third_Party\FatFs\src\option\syscall.o
                0x002236b0                ff_memalloc
 .text.ff_memfree
                0x002236c8       0x16 Middlewares\Third_Party\FatFs\src\option\syscall.o
                0x002236c8                ff_memfree
 .text.makeFreeRtosPriority
                0x002236de       0x30 Middlewares\Third_Party\FreeRTOS\Source\CMSIS_RTOS\cmsis_os.o
 .text.inHandlerMode
                0x0022370e       0x24 Middlewares\Third_Party\FreeRTOS\Source\CMSIS_RTOS\cmsis_os.o
 .text.osKernelStart
                0x00223732        0xe Middlewares\Third_Party\FreeRTOS\Source\CMSIS_RTOS\cmsis_os.o
                0x00223732                osKernelStart
 .text.osKernelRunning
                0x00223740       0x18 Middlewares\Third_Party\FreeRTOS\Source\CMSIS_RTOS\cmsis_os.o
                0x00223740                osKernelRunning
 .text.osKernelSysTick
                0x00223758       0x20 Middlewares\Third_Party\FreeRTOS\Source\CMSIS_RTOS\cmsis_os.o
                0x00223758                osKernelSysTick
 .text.osThreadCreate
                0x00223778       0x98 Middlewares\Third_Party\FreeRTOS\Source\CMSIS_RTOS\cmsis_os.o
                0x00223778                osThreadCreate
 .text.osSemaphoreCreate
                0x00223810       0x66 Middlewares\Third_Party\FreeRTOS\Source\CMSIS_RTOS\cmsis_os.o
                0x00223810                osSemaphoreCreate
 *fill*         0x00223876        0x2 
 .text.osSemaphoreWait
                0x00223878       0x9c Middlewares\Third_Party\FreeRTOS\Source\CMSIS_RTOS\cmsis_os.o
                0x00223878                osSemaphoreWait
 .text.osSemaphoreRelease
                0x00223914       0x6c Middlewares\Third_Party\FreeRTOS\Source\CMSIS_RTOS\cmsis_os.o
                0x00223914                osSemaphoreRelease
 .text.osSemaphoreDelete
                0x00223980       0x26 Middlewares\Third_Party\FreeRTOS\Source\CMSIS_RTOS\cmsis_os.o
                0x00223980                osSemaphoreDelete
 .text.osMessageCreate
                0x002239a6       0x52 Middlewares\Third_Party\FreeRTOS\Source\CMSIS_RTOS\cmsis_os.o
                0x002239a6                osMessageCreate
 .text.osMessagePut
                0x002239f8       0x80 Middlewares\Third_Party\FreeRTOS\Source\CMSIS_RTOS\cmsis_os.o
                0x002239f8                osMessagePut
 .text.osMessageGet
                0x00223a78       0xe8 Middlewares\Third_Party\FreeRTOS\Source\CMSIS_RTOS\cmsis_os.o
                0x00223a78                osMessageGet
 .text.vListInitialise
                0x00223b60       0x40 Middlewares\Third_Party\FreeRTOS\Source\list.o
                0x00223b60                vListInitialise
 .text.vListInitialiseItem
                0x00223ba0       0x1a Middlewares\Third_Party\FreeRTOS\Source\list.o
                0x00223ba0                vListInitialiseItem
 .text.vListInsertEnd
                0x00223bba       0x48 Middlewares\Third_Party\FreeRTOS\Source\list.o
                0x00223bba                vListInsertEnd
 .text.vListInsert
                0x00223c02       0x72 Middlewares\Third_Party\FreeRTOS\Source\list.o
                0x00223c02                vListInsert
 .text.uxListRemove
                0x00223c74       0x54 Middlewares\Third_Party\FreeRTOS\Source\list.o
                0x00223c74                uxListRemove
 .text.pxPortInitialiseStack
                0x00223cc8       0x68 Middlewares\Third_Party\FreeRTOS\Source\portable\GCC\ARM_CM7\r0p1\port.o
                0x00223cc8                pxPortInitialiseStack
 .text.prvTaskExitError
                0x00223d30       0x5c Middlewares\Third_Party\FreeRTOS\Source\portable\GCC\ARM_CM7\r0p1\port.o
 *fill*         0x00223d8c        0x4 
 .text.SVC_Handler
                0x00223d90       0x28 Middlewares\Third_Party\FreeRTOS\Source\portable\GCC\ARM_CM7\r0p1\port.o
                0x00223d90                SVC_Handler
 .text.prvPortStartFirstTask
                0x00223db8       0x28 Middlewares\Third_Party\FreeRTOS\Source\portable\GCC\ARM_CM7\r0p1\port.o
 .text.xPortStartScheduler
                0x00223de0       0xf8 Middlewares\Third_Party\FreeRTOS\Source\portable\GCC\ARM_CM7\r0p1\port.o
                0x00223de0                xPortStartScheduler
 .text.vPortEnterCritical
                0x00223ed8       0x64 Middlewares\Third_Party\FreeRTOS\Source\portable\GCC\ARM_CM7\r0p1\port.o
                0x00223ed8                vPortEnterCritical
 .text.vPortExitCritical
                0x00223f3c       0x54 Middlewares\Third_Party\FreeRTOS\Source\portable\GCC\ARM_CM7\r0p1\port.o
                0x00223f3c                vPortExitCritical
 .text.PendSV_Handler
                0x00223f90       0x68 Middlewares\Third_Party\FreeRTOS\Source\portable\GCC\ARM_CM7\r0p1\port.o
                0x00223f90                PendSV_Handler
 .text.SysTick_Handler
                0x00223ff8       0x44 Middlewares\Third_Party\FreeRTOS\Source\portable\GCC\ARM_CM7\r0p1\port.o
                0x00223ff8                SysTick_Handler
 .text.vPortSetupTimerInterrupt
                0x0022403c       0x48 Middlewares\Third_Party\FreeRTOS\Source\portable\GCC\ARM_CM7\r0p1\port.o
                0x0022403c                vPortSetupTimerInterrupt
 .text.vPortEnableVFP
                0x00224084       0x14 Middlewares\Third_Party\FreeRTOS\Source\portable\GCC\ARM_CM7\r0p1\port.o
 .text.vPortValidateInterruptPriority
                0x00224098       0x84 Middlewares\Third_Party\FreeRTOS\Source\portable\GCC\ARM_CM7\r0p1\port.o
                0x00224098                vPortValidateInterruptPriority
 .text.pvPortMalloc
                0x0022411c      0x190 Middlewares\Third_Party\FreeRTOS\Source\portable\MemMang\heap_4.o
                0x0022411c                pvPortMalloc
 .text.vPortFree
                0x002242ac       0xb8 Middlewares\Third_Party\FreeRTOS\Source\portable\MemMang\heap_4.o
                0x002242ac                vPortFree
 .text.prvHeapInit
                0x00224364       0xc4 Middlewares\Third_Party\FreeRTOS\Source\portable\MemMang\heap_4.o
 .text.prvInsertBlockIntoFreeList
                0x00224428       0xb4 Middlewares\Third_Party\FreeRTOS\Source\portable\MemMang\heap_4.o
 .text.xQueueGenericReset
                0x002244dc       0xd4 Middlewares\Third_Party\FreeRTOS\Source\queue.o
                0x002244dc                xQueueGenericReset
 .text.xQueueGenericCreateStatic
                0x002245b0       0xfa Middlewares\Third_Party\FreeRTOS\Source\queue.o
                0x002245b0                xQueueGenericCreateStatic
 .text.xQueueGenericCreate
                0x002246aa       0x82 Middlewares\Third_Party\FreeRTOS\Source\queue.o
                0x002246aa                xQueueGenericCreate
 .text.prvInitialiseNewQueue
                0x0022472c       0x3e Middlewares\Third_Party\FreeRTOS\Source\queue.o
 *fill*         0x0022476a        0x2 
 .text.xQueueGenericSend
                0x0022476c      0x204 Middlewares\Third_Party\FreeRTOS\Source\queue.o
                0x0022476c                xQueueGenericSend
 .text.xQueueGenericSendFromISR
                0x00224970      0x138 Middlewares\Third_Party\FreeRTOS\Source\queue.o